+- jiso dev --------------------------------------- [x] offline - [!] no spec -+
| TRANSACTIONS  - (0)  filter: |  sort: name ^                                 |
| no tx file loaded - f to pick file                                           |
|                                                                              |
|         +----------------------------------------------------------+         |
|         |cannot load transaction file                              |         |
|         |line 07                                                   |         |
|         |line 08                                                   |         |
|         |line 09                                                   |         |
|         |line 10                                                   |         |
|         |line 11                                                   |         |
|         |line 12                                                   |         |
|         |line 13                                                   |         |
|         |line 14                                                   |         |
|         |line 15                                                   |         |
|         |line 16                                                   |         |
|         |enter ok | esc close                                      |         |
|         +----------------------------------------------------------+         |
|                                                                              |
|                                                                              |
|                                                                              |
+------------------------------------------------------------------------------+
| 1 dash  2 tx  3 scenarios  : cmd  ? help  q quit  enter ok  esc close  ~+5   |
+------------------------------------------------------------------------------+
