+- jiso dev --------------------------------------------------------------------------------------------------------------------------------------------------------------- [x] offline - [!] no spec -+
| CONNECTION                                                           MOCK SERVER                                                                                                                     |
| +------------------------------------------------------------------+ +-----------------------------------------------------------------------------------------------------------------------------+ |
| |no link | c connects                                              | |o stopped - 4 opens the server page                                                                                          | |
| +------------------------------------------------------------------+ +-----------------------------------------------------------------------------------------------------------------------------+ |
| LAST SEND                                                            SERVER LOG                                                                                                                      |
| +------------------------------------------------------------------+ +-----------------------------------------------------------------------------------------------------------------------------+ |
| |no send yet - s sends                                             | |no server output yet                                                                                                         | |
| +------------------------------------------------------------------+ +-----------------------------------------------------------------------------------------------------------------------------+ |
| LAST STRESS                                                          SESSION                                                                                                                         |
| +------------------------------------------------------------------+ +-----------------------------------------------------------------------------------------------------------------------------+ |
| |no stress run - t starts one                                      | |ID - | tx - | ok - | fail -                                                                                                  | |
| |                                                                  | |avg - | db -                                                                                                                 | |
| +------------------------------------------------------------------+ +-----------------------------------------------------------------------------------------------------------------------------+ |
|                                                                      QUICK ACTIONS                                                                                                                   |
|                                                                      +-----------------------------------------------------------------------------------------------------------------------------+ |
|                                                                      |> Connect / reconnect                                                                                                        | |
|                                                                      +-----------------------------------------------------------------------------------------------------------------------------+ |
|                                                                                                                                                                                                      |
|                                                                                                                                                                                                      |
|                                                                                                                                                                                                      |
+------------------------------------------------------------------------------------------------------------------------------------------------------------------------------------------------------+
| 1 dash  2 tx  3 scenarios  4 server  5 workers  6 sessions  7 analyze  8 ctf  : cmd  ? help  q quit  c connect  enter run  F9 select  D drop  j/k scroll                                             |
+------------------------------------------------------------------------------------------------------------------------------------------------------------------------------------------------------+
