+- jiso dev --------------------------------- [x] offline -+
| CONNECTION                                               |
| +------------------------------------------------------+ |
| |no link | c connects                                  | |
| +------------------------------------------------------+ |
| MOCK SERVER                                              |
| +------------------------------------------------------+ |
| |o stopped - 4 opens the server page                   | |
| +------------------------------------------------------+ |
| SERVER LOG                                               |
| +------------------------------------------------------+ |
| |no server output yet                                  | |
| +------------------------------------------------------+ |
| LAST SEND                                                |
| +------------------------------------------------------+ |
| |no send yet - s sends                                 | |
| +------------------------------------------------------+ |
| QUICK ACTIONS                                            |
| +------------------------------------------------------+ |
| |> Connect / reconnect                                 | |
| +------------------------------------------------------+ |
+----------------------------------------------------------+
| : cmd  ? help  q quit  c connect  enter run              |
+----------------------------------------------------------+
