+- jiso dev ------------------------------------------------------------------------------- [x] offline - [!] no spec -+
| SESSIONS  db: -  filter: -                                                                                           |
| database not configured - pass --db to enable session logging                                                        |
| SESSIONS                      STATS                         TX HISTORY                                               |
| +---------------------------+ +---------------------------+ +------------------------------------------------------+ |
| |database not configured    | |database not configured ~  | |select a session to see its transactions              | |
| |                           | |                           | |                                                      | |
| |                           | |                           | |                                                      | |
| |                           | |                           | |                                                      | |
| |                           | |                           | |                                                      | |
| |                           | |                           | |                                                      | |
| |                           | |                           | |                                                      | |
| |                           | |                           | |                                                      | |
| |                           | |                           | |                                                      | |
| |                           | |                           | |                                                      | |
| |                           | |                           | |                                                      | |
| |                           | |                           | |                                                      | |
| |                           | |                           | |                                                      | |
| |                           | |                           | |                                                      | |
| |                           | |                           | |                                                      | |
| +---------------------------+ +---------------------------+ +------------------------------------------------------+ |
+----------------------------------------------------------------------------------------------------------------------+
| 1 dash  2 tx  3 scenarios  4 server  5 workers  : cmd  ? help  q quit  enter open  t review tx  tab pane  ~+6        |
+----------------------------------------------------------------------------------------------------------------------+
