+- jiso dev --------------------------------------- [x] offline - [!] no spec -+
| MOCK SERVER  o stopped                                                       |
| START                                                                        |
| +--------------------------------------------------------------------------+ |
| |start form (when stopped):                                                | |
| |port - header - spec - routes file                                        | |
| |remembered from your last start                                           | |
| |                                                                          | |
| |c configure | Enter starts                                                | |
| |                                                                          | |
| +--------------------------------------------------------------------------+ |
| ROUTES                                                                       |
| +--------------------------------------------------------------------------+ |
| |no mock routes configured                                                 | |
| |                                                                          | |
| |                                                                          | |
| |                                                                          | |
| |                                                                          | |
| |                                                                          | |
| +--------------------------------------------------------------------------+ |
|                                                                              |
+------------------------------------------------------------------------------+
| 1 dash  2 tx  : cmd  ? help  q quit  s stop  r routes  c configure  ~+8      |
+------------------------------------------------------------------------------+
