+- jiso dev ------------------------------------------------------------------------------- [x] offline - [!] no spec -+
| MOCK SERVER  o stopped                                                                                               |
| START                                  ROUTES                                                                        |
| +------------------------------------+ +---------------------------------------------------------------------------+ |
| |start form (when stopped):          | |no mock routes configured                                                  | |
| |port - header - spec - routes file  | |                                                                           | |
| |remembered from your last start     | |                                                                           | |
| |                                    | |                                                                           | |
| |c configure | Enter starts          | |                                                                           | |
| |                                    | |                                                                           | |
| |                                    | |                                                                           | |
| |                                    | |                                                                           | |
| |                                    | |                                                                           | |
| |                                    | |                                                                           | |
| |                                    | |                                                                           | |
| |                                    | |                                                                           | |
| |                                    | |                                                                           | |
| |                                    | |                                                                           | |
| |                                    | |                                                                           | |
| |                                    | |                                                                           | |
| +------------------------------------+ +---------------------------------------------------------------------------+ |
+----------------------------------------------------------------------------------------------------------------------+
| 1 dash  2 tx  3 scenarios  4 server  5 workers  : cmd  ? help  q quit  s stop  r routes  c configure  ~+5            |
+----------------------------------------------------------------------------------------------------------------------+
