+- jiso dev --------------------------------------- [x] offline - [!] no spec -+
| CONNECTION                                                                   |
| +--------------------------------------------------------------------------+ |
| |no link | c connects                                                      | |
| +--------------------------------------------------------------------------+ |
| MOCK SERVER                                                                  |
| +-------+- HELP -- context: Dashboard page ------------------------+-------+ |
| |o stopp| navigation   up/k up | down/j down | pgup page up        |       | |
| +-------|              pgdown page down | home top | end bottom    |-------+ |
| SERVER L| page actions enter run action | D disconnect             |         |
| +-------|              t stress run                                |-------+ |
| |no serv| global       1-8 pages | :/ctrl+p palette | c connect    |       | |
| +-------|              tab/shift+tab focus pane                    |-------+ |
| LAST SEN|              f9 toggle mouse / text selection | ? this   |         |
| +-------|              q quit / back | ctrl+c graceful quit        |-------+ |
| |no send+----------------------------------------------------------+       | |
| +--------------------------------------------------------------------------+ |
| QUICK ACTIONS                                                                |
| +--------------------------------------------------------------------------+ |
| |> Connect / reconnect                                                     | |
| +--------------------------------------------------------------------------+ |
+------------------------------------------------------------------------------+
| 1 dash  2 tx  : cmd  ? help  q quit  c connect  enter run  F9 select  ~+8    |
+------------------------------------------------------------------------------+
