+- jiso dev --------------------------------------- [x] offline - [!] no spec -+
| CONNECTION                                                                   |
| +--------------------------------------------------------------------------+ |
| |no link | c connects                                                      | |
| +--------------------------------------------------------------------------+ |
| MOCK SERVER                                                                  |
| +--------------------------------------------------------------------------+ |
| |o stopp+- HELP -- context: Dashboard page ------------------------+       | |
| +-------| navigation   up/k up | down/j down | pgup page up        |-------+ |
| SERVER L|              pgdown page down | home top | end bottom    |         |
| +-------| page actions enter run action | D disconnect             |-------+ |
| |no serv| global       1-8 pages | :/ctrl+p palette | c connect    |       | |
| +-------|              tab/shift+tab focus pane | ? this           |-------+ |
| LAST SEN|              q quit / back | ctrl+c graceful quit        |         |
| +-------+----------------------------------------------------------+-------+ |
| |no send yet - s sends                                                     | |
| +--------------------------------------------------------------------------+ |
| QUICK ACTIONS                                                                |
| +--------------------------------------------------------------------------+ |
| |> Connect / reconnect                                                     | |
| +--------------------------------------------------------------------------+ |
+------------------------------------------------------------------------------+
| 1 dash  2 tx  3 scenarios  : cmd  ? help  q quit  c connect  enter run  ~+7  |
+------------------------------------------------------------------------------+
