+- jiso dev --------------------------------------- [x] offline - [!] no spec -+
| TRANSACTIONS  - (0)  filter: |  sort: name ^                                 |
| no tx file loaded - f to pick file                                           |
|                                                                              |
|                                                                              |
|                                                                              |
|                                                                              |
|                                                                              |
|                                                                              |
|                                                                              |
|                                                                              |
|                                                                              |
|                                                                              |
|                                                                              |
|                                                                              |
|                                                                              |
|                                                                              |
|                                                                              |
|                                                                              |
|                                                                              |
|                                                                              |
+------------------------------------------------------------------------------+
| 1 dash  2 tx  3 scenarios  : cmd  ? help  q quit  enter detail  s send  ~+10 |
+------------------------------------------------------------------------------+
