+- jiso dev --------------------------------------- [x] offline - [!] no spec -+
| SCENARIOS (0)  filter: -  report: scenario-report.json                       |
| no scenarios - load via :                                                    |
|                                                                              |
|                                                                              |
|                                                                              |
|                                                                              |
|                                                                              |
|                                                                              |
|                                                                              |
|                                                                              |
|                                                                              |
|                                                                              |
|                                                                              |
|                                                                              |
|                                                                              |
|                                                                              |
|                                                                              |
|                                                                              |
|                                                                              |
|                                                                              |
+------------------------------------------------------------------------------+
| 1 dash  : cmd  ? help  q quit  enter run  e export report  tab pane  ~+10    |
+------------------------------------------------------------------------------+
