+- jiso dev --------------------------------------- [x] offline - [!] no spec -+
| SESSIONS  db: -  filter: -                                                   |
| database not configured - pass --db to enable session logging                |
| SESSIONS                                                                     |
| +--------------------------------------------------------------------------+ |
| |database not configured                                                   | |
| |                                                                          | |
| |                                                                          | |
| |                                                                          | |
| |                                                                          | |
| |                                                                          | |
| |                                                                          | |
| |                                                                          | |
| |                                                                          | |
| |                                                                          | |
| |                                                                          | |
| |                                                                          | |
| |                                                                          | |
| |                                                                          | |
| |                                                                          | |
| +--------------------------------------------------------------------------+ |
+------------------------------------------------------------------------------+
| 1 dash  2 tx  : cmd  ? help  q quit  enter open  t review tx  tab pane  ~+9  |
+------------------------------------------------------------------------------+
