+- jiso dev --------------------------------------- [x] offline - [!] no spec -+
| WORKERS & STRESS                                                             |
| no workers - b background-send | t stress test                               |
|                                                                              |
|                                                                              |
|                                                                              |
|                                                                              |
|                                                                              |
|                                                                              |
|                                                                              |
|                                                                              |
|                                                                              |
|                                                                              |
|                                                                              |
|                                                                              |
|                                                                              |
|                                                                              |
|                                                                              |
|                                                                              |
|                                                                              |
|                                                                              |
+------------------------------------------------------------------------------+
| : cmd  ? help  q quit  b bgsend  t stress  k stop sel  K stop all  ~+10      |
+------------------------------------------------------------------------------+
