+- jiso dev --------------------------------------- [x] offline - [!] no spec -+
| panic                                                                        |
|                                                                              |
|                                                                              |
|                                                                              |
|                                                                              |
|                                                                              |
|                                                                              |
|                                                                              |
|                                                                              |
|                                                                              |
|                                                                              |
|                                                                              |
|                                                                              |
|                                                                              |
|                                                                              |
|                                                                              |
|                                                                              |
|                                                                              |
|                                                                              |
|                                                                              |
+------------------------------------------------------------------------------+
| 1 dash  2 tx  3 scenarios  4 server  5 workers  : cmd  ? help  q quit  ~+3   |
+------------------------------------------------------------------------------+
