[38;2;68;147;248mPCAP ANALYZE[m  [2;38;2;141;150;160m1 capture[m ▸ [2;38;2;141;150;160m2 spec[m ▸ [2;38;2;141;150;160m3 header[m ▸ [38;2;68;147;248m4 run[m
[38;2;68;147;248mITEMS  2 of 2 included[m
[1;38;2;68;147;248mspace[m[2;38;2;141;150;160m toggle[m[2;38;2;141;150;160m · [m[1;38;2;68;147;248ma[m[2;38;2;141;150;160m all/none[m[2;38;2;141;150;160m · [m[1;38;2;68;147;248mtab[m[2;38;2;141;150;160m preview[m[2;38;2;141;150;160m · [m[1;38;2;68;147;248menter[m[2;38;2;141;150;160m apply[m[2;38;2;141;150;160m · [m[1;38;2;68;147;248mesc[m[2;38;2;141;150;160m close[m
[38;2;141;150;160m    NAME                          KIND        [m [38;2;141;150;160mPREVIEW  tall (transaction)  1-23/100[m
[38;2;68;147;248m▸ ✓ tall                          transaction [m line-00                              
  ✓ wide                          mock_route   line-01                              
                                               line-02                              
                                               line-03                              
                                               line-04                              
                                               line-05                              
                                               line-06                              
                                               line-07                              
                                               line-08                              
                                               line-09                              
                                               line-10                              
                                               line-11                              
                                               line-12                              
                                               line-13                              
                                               line-14                              
                                               line-15                              
                                               line-16                              
                                               line-17                              
                                               line-18                              
                                               line-19                              
                                               line-20                              
                                               line-21                              
                                               line-22                              
[2;38;2;141;150;160m[space] include · [a] all/none · [tab] preview · [enter] apply · [esc] close (apply)[m