PCAP ANALYZE  1 capture > 2 spec > 3 header > 4 run
capture  |
+----------------------------------------------------------------------------------------------------------------+
|  night.pcap                                                                                                    |
|> capture.pcap  <- current                                                                                      |
+----------------------------------------------------------------------------------------------------------------+
[x] no such file: /tmp/gone.pcap




















[Enter] next   [f] browse   [Esc] cancel