PCAP ANALYZE  1 capture > 2 spec > 3 header > 4 run
spec     |
+----------------------------------------------------------------------------------------------------------------+
|> spec.json  <- current                                                                                         |
|  other.json                                                                                                    |
+----------------------------------------------------------------------------------------------------------------+





















[Enter] next   [f] browse   [Esc] back