[38;2;68;147;248mPCAP ANALYZE[m  [2;38;2;141;150;160m1 capture[m ▸ [38;2;68;147;248m2 spec[m ▸ [2;38;2;141;150;160m3 header[m ▸ [2;38;2;141;150;160m4 run[m
[38;2;141;150;160mspec     [m[38;2;68;147;248m▏[m
[38;2;61;68;77m╭────────────────────────────────────────────────────────────────────────────────────────────────────────────────╮[m
[38;2;61;68;77m│[m▸ spec.json  [38;2;141;150;160m← current[m                                                                                          [38;2;61;68;77m│[m
[38;2;61;68;77m│[m  other.json                                                                                                    [38;2;61;68;77m│[m
[38;2;61;68;77m╰────────────────────────────────────────────────────────────────────────────────────────────────────────────────╯[m





















[38;2;141;150;160m[[m[1;38;2;68;147;248mEnter[m[38;2;141;150;160m] next[m[38;2;141;150;160m   [m[38;2;141;150;160m[[m[1;38;2;68;147;248mEsc[m[38;2;141;150;160m] back[m