[38;2;68;147;248mCONNECT[m
[38;2;61;68;77m╭────────────────────────────────────────────────────────────╮[m
[38;2;61;68;77m│[mattempt 2/3 · backoff 1.5s                                  [38;2;61;68;77m│[m
[38;2;61;68;77m│[m                                              [38;2;141;150;160m[[m[1;38;2;68;147;248mEsc[m[38;2;141;150;160m] cancel[m  [38;2;61;68;77m│[m
[38;2;61;68;77m╰────────────────────────────────────────────────────────────╯[m