CONNECT
+------------------------------------------------------------+
|> Mode        (*) Caller   ( ) Listener                     |
|  IP          10.0.0.5          (caller only)               |
|  Port        8080                                          |
|  Header      binary2           >                           |
|  Station ID                    (visa header only)          |
|  Unsolicited ( ) Yes   (*) No                              |
|  TLS         tls_config.json   [ok] loaded                 |
|                            [Enter] connect   [Esc] cancel  |
+------------------------------------------------------------+