CONNECTION                                                MOCK SERVER                                               
+-------------------------------------------------------+ +--------------------------------------------------------+
|no link | c connects                                   | |o stopped - 4 opens the server page                     |
+-------------------------------------------------------+ +--------------------------------------------------------+
LAST SEND                                                 SERVER LOG                                                
+-------------------------------------------------------+ +--------------------------------------------------------+
|no send yet - s sends                                  | |no server output yet                                    |
+-------------------------------------------------------+ +--------------------------------------------------------+
LAST STRESS                                               SESSION                                                   
+-------------------------------------------------------+ +--------------------------------------------------------+
|no stress run - t starts one                           | |ID - | tx - | ok - | fail -                             |
|                                                       | |avg - | db -                                            |
+-------------------------------------------------------+ +--------------------------------------------------------+
                                                          QUICK ACTIONS                                             
                                                          +--------------------------------------------------------+
                                                          |no actions registered - open the palette with :         |
                                                          +--------------------------------------------------------+