CONNECTION                                                MOCK SERVER                                               
+-------------------------------------------------------+ +--------------------------------------------------------+
|[ok] ONLINE (caller) 10.0.0.5:8080                     | |o stopped - 4 opens the server page                     |
|binary2 | TLS mTLS | up 02:20:11 | retries 0           | |                                                        |
+-------------------------------------------------------+ +--------------------------------------------------------+
LAST SEND                                                 SERVER LOG                                                
+-------------------------------------------------------+ +--------------------------------------------------------+
|12:04:09 Echo                                          | |                                                        |
|0200 -> 0210 | RC 00 APPROVED                          | |                                                        |
|1.9ms | [ok] validated | [ok] correlation              | |                                                        |
|enter open - h hexdump                                 | |no server output yet                                    |
+-------------------------------------------------------+ +--------------------------------------------------------+
LAST STRESS                                               SESSION                                                   
+-------------------------------------------------------+ +--------------------------------------------------------+
|12:03:58 w-2 [ok] done | 100.0% ok                     | |ID 9f3ca1 | tx 148 | ok 146 | fail 2                    |
|1 worker | 82.3 tps | p99 0.3ms                        | |avg 3.4ms | db ./sessions.db                            |
|enter summary                                          | |                                                        |
+-------------------------------------------------------+ +--------------------------------------------------------+
                                                          QUICK ACTIONS                                             
                                                          +--------------------------------------------------------+
                                                          |> Connect / reconnect                                   |
                                                          |  Send transaction                                      |
                                                          |  Show help                                             |
                                                          +--------------------------------------------------------+