[38;2;68;147;248mCONNECTION[m
[38;2;61;68;77m╭──────────────────────────────────────────────────────────────────────────╮[m
[38;2;61;68;77m│[m[1;38;2;63;185;80m✓ ONLINE (caller)[m 10.0.0.5:8080                                           [38;2;61;68;77m│[m
[38;2;61;68;77m╰──────────────────────────────────────────────────────────────────────────╯[m
[38;2;68;147;248mMOCK SERVER[m
[38;2;61;68;77m╭──────────────────────────────────────────────────────────────────────────╮[m
[38;2;61;68;77m│[m[1;38;2;63;185;80m● running[m :9999[38;2;141;150;160m (binary2)[m[38;2;141;150;160m · up 02:32 · conns 1[m                            [38;2;61;68;77m│[m
[38;2;61;68;77m╰──────────────────────────────────────────────────────────────────────────╯[m
[38;2;68;147;248mSERVER LOG[m
[38;2;61;68;77m╭──────────────────────────────────────────────────────────────────────────╮[m
[38;2;61;68;77m│[m[38;2;141;150;160m09:18:12 🟢 Echo · 0800→0810 · RC 00[m                                      [38;2;61;68;77m│[m
[38;2;61;68;77m╰──────────────────────────────────────────────────────────────────────────╯[m
[38;2;68;147;248mLAST SEND[m
[38;2;61;68;77m╭──────────────────────────────────────────────────────────────────────────╮[m
[38;2;61;68;77m│[m[2;38;2;141;150;160m12:04:09[m Echo                                                             [38;2;61;68;77m│[m
[38;2;61;68;77m╰──────────────────────────────────────────────────────────────────────────╯[m
[38;2;68;147;248mSESSION[m
[38;2;61;68;77m╭──────────────────────────────────────────────────────────────────────────╮[m
[38;2;61;68;77m│[m[38;2;141;150;160mID [m9f3ca1[38;2;141;150;160m · [m[38;2;141;150;160mtx [m148[38;2;141;150;160m · [m[38;2;141;150;160mok [m146[38;2;141;150;160m · [m[38;2;141;150;160mfail [m2                                      [38;2;61;68;77m│[m
[38;2;61;68;77m╰──────────────────────────────────────────────────────────────────────────╯[m
[38;2;68;147;248mQUICK ACTIONS[m
[38;2;61;68;77m╭──────────────────────────────────────────────────────────────────────────╮[m
[38;2;61;68;77m│[m[38;2;255;255;255;48;2;31;111;235m▸ Disconnect                                                            [m  [38;2;61;68;77m│[m
[38;2;61;68;77m╰──────────────────────────────────────────────────────────────────────────╯[m
[38;2;68;147;248mLAST STRESS[m
[38;2;61;68;77m╭──────────────────────────────────────────────────────────────────────────╮[m
[38;2;61;68;77m│[m[2;38;2;141;150;160m12:03:58[m w-2 [1;38;2;63;185;80m✓ done[m[38;2;141;150;160m · 100.0% ok[m                                           [38;2;61;68;77m│[m
[38;2;61;68;77m╰──────────────────────────────────────────────────────────────────────────╯[m