[38;2;68;147;248mCONNECTION[m                                                [38;2;68;147;248mMOCK SERVER[m                                               
[38;2;61;68;77m╭───────────────────────────────────────────────────────╮[m [38;2;61;68;77m╭────────────────────────────────────────────────────────╮[m
[38;2;61;68;77m│[m[1;38;2;63;185;80m✓ ONLINE (caller)[m 10.0.0.5:8080                        [38;2;61;68;77m│[m [38;2;61;68;77m│[m[38;2;141;150;160m○ stopped · [m[1;38;2;68;147;248m4[m[38;2;141;150;160m opens the server page[m                     [38;2;61;68;77m│[m
[38;2;61;68;77m│[m[38;2;141;150;160mbinary2 · TLS mTLS · up 02:20:11 · retries 0[m           [38;2;61;68;77m│[m [38;2;61;68;77m│[m                                                        [38;2;61;68;77m│[m
[38;2;61;68;77m╰───────────────────────────────────────────────────────╯[m [38;2;61;68;77m╰────────────────────────────────────────────────────────╯[m
[38;2;68;147;248mLAST SEND[m                                                 [38;2;68;147;248mSERVER LOG[m                                                
[38;2;61;68;77m╭───────────────────────────────────────────────────────╮[m [38;2;61;68;77m╭────────────────────────────────────────────────────────╮[m
[38;2;61;68;77m│[m[2;38;2;141;150;160m12:04:09[m Echo                                          [38;2;61;68;77m│[m [38;2;61;68;77m│[m                                                        [38;2;61;68;77m│[m
[38;2;61;68;77m│[m0200 [38;2;141;150;160m→[m 0210[38;2;141;150;160m · RC 00 APPROVED[m                           [38;2;61;68;77m│[m [38;2;61;68;77m│[m                                                        [38;2;61;68;77m│[m
[38;2;61;68;77m│[m1.9ms[38;2;141;150;160m · [m[1;38;2;63;185;80m✓ validated[m[38;2;141;150;160m · [m[1;38;2;63;185;80m✓ correlation[m                    [38;2;61;68;77m│[m [38;2;61;68;77m│[m                                                        [38;2;61;68;77m│[m
[38;2;61;68;77m│[m[1;38;2;68;147;248menter[m[38;2;141;150;160m open[m                                             [38;2;61;68;77m│[m [38;2;61;68;77m│[m[38;2;141;150;160mno server output yet[m                                    [38;2;61;68;77m│[m
[38;2;61;68;77m╰───────────────────────────────────────────────────────╯[m [38;2;61;68;77m╰────────────────────────────────────────────────────────╯[m
[38;2;68;147;248mLAST STRESS[m                                               [38;2;68;147;248mSESSION[m                                                   
[38;2;61;68;77m╭───────────────────────────────────────────────────────╮[m [38;2;61;68;77m╭────────────────────────────────────────────────────────╮[m
[38;2;61;68;77m│[m[2;38;2;141;150;160m12:03:58[m w-2 [1;38;2;63;185;80m✓ done[m[38;2;141;150;160m · 100.0% ok[m                        [38;2;61;68;77m│[m [38;2;61;68;77m│[m[38;2;141;150;160mID [m9f3ca1[38;2;141;150;160m · [m[38;2;141;150;160mtx [m148[38;2;141;150;160m · [m[38;2;141;150;160mok [m146[38;2;141;150;160m · [m[38;2;141;150;160mfail [m2                    [38;2;61;68;77m│[m
[38;2;61;68;77m│[m[38;2;141;150;160m1 worker · 82.3 tps · p99 0.3ms[m                        [38;2;61;68;77m│[m [38;2;61;68;77m│[m[38;2;141;150;160mavg [m3.4ms[38;2;141;150;160m · [m[38;2;141;150;160mdb [m./sessions.db                            [38;2;61;68;77m│[m
[38;2;61;68;77m│[m[1;38;2;68;147;248menter[m[38;2;141;150;160m summary[m                                          [38;2;61;68;77m│[m [38;2;61;68;77m│[m                                                        [38;2;61;68;77m│[m
[38;2;61;68;77m╰───────────────────────────────────────────────────────╯[m [38;2;61;68;77m╰────────────────────────────────────────────────────────╯[m
                                                          [38;2;68;147;248mQUICK ACTIONS[m                                             
                                                          [38;2;61;68;77m╭────────────────────────────────────────────────────────╮[m
                                                          [38;2;61;68;77m│[m[38;2;255;255;255;48;2;31;111;235m▸ Connect / reconnect                                 [m  [38;2;61;68;77m│[m
                                                          [38;2;61;68;77m│[m  Send transaction                                      [38;2;61;68;77m│[m
                                                          [38;2;61;68;77m│[m  Show help                                             [38;2;61;68;77m│[m
                                                          [38;2;61;68;77m╰────────────────────────────────────────────────────────╯[m