CONNECTION
+--------------------------------------------------------------------------+
|[ok] ONLINE (caller) 10.0.0.5:8080                                        |
+--------------------------------------------------------------------------+
MOCK SERVER
+--------------------------------------------------------------------------+
|* running :9999 (binary2) - up 02:32 - conns 1                            |
+--------------------------------------------------------------------------+
SERVER LOG
+--------------------------------------------------------------------------+
|09:18:12 ok Echo | 0800->0810 | RC 00                                     |
+--------------------------------------------------------------------------+
LAST SEND
+--------------------------------------------------------------------------+
|12:04:09 Echo                                                             |
+--------------------------------------------------------------------------+
SESSION
+--------------------------------------------------------------------------+
|ID 9f3ca1 | tx 148 | ok 146 | fail 2                                      |
+--------------------------------------------------------------------------+
QUICK ACTIONS
+--------------------------------------------------------------------------+
|> Disconnect                                                              |
+--------------------------------------------------------------------------+
LAST STRESS
+--------------------------------------------------------------------------+
|12:03:58 w-2 [ok] done | 100.0% ok                                        |
+--------------------------------------------------------------------------+