[38;2;68;147;248mCONNECTION[m                                                [38;2;68;147;248mMOCK SERVER[m                                               
[38;2;61;68;77m╭───────────────────────────────────────────────────────╮[m [38;2;61;68;77m╭────────────────────────────────────────────────────────╮[m
[38;2;61;68;77m│[m[38;2;141;150;160mno link · [m[1;38;2;68;147;248mc[m[38;2;141;150;160m connects[m                                   [38;2;61;68;77m│[m [38;2;61;68;77m│[m[38;2;141;150;160m○ stopped · [m[1;38;2;68;147;248m4[m[38;2;141;150;160m opens the server page[m                     [38;2;61;68;77m│[m
[38;2;61;68;77m╰───────────────────────────────────────────────────────╯[m [38;2;61;68;77m╰────────────────────────────────────────────────────────╯[m
[38;2;68;147;248mLAST SEND[m                                                 [38;2;68;147;248mSERVER LOG[m                                                
[38;2;61;68;77m╭───────────────────────────────────────────────────────╮[m [38;2;61;68;77m╭────────────────────────────────────────────────────────╮[m
[38;2;61;68;77m│[m[38;2;141;150;160mno send yet · [m[1;38;2;68;147;248ms[m[38;2;141;150;160m sends[m                                  [38;2;61;68;77m│[m [38;2;61;68;77m│[m[38;2;141;150;160mno server output yet[m                                    [38;2;61;68;77m│[m
[38;2;61;68;77m╰───────────────────────────────────────────────────────╯[m [38;2;61;68;77m╰────────────────────────────────────────────────────────╯[m
[38;2;68;147;248mLAST STRESS[m                                               [38;2;68;147;248mSESSION[m                                                   
[38;2;61;68;77m╭───────────────────────────────────────────────────────╮[m [38;2;61;68;77m╭────────────────────────────────────────────────────────╮[m
[38;2;61;68;77m│[m[38;2;141;150;160mno stress run · [m[1;38;2;68;147;248mt[m[38;2;141;150;160m starts one[m                           [38;2;61;68;77m│[m [38;2;61;68;77m│[m[38;2;141;150;160mID [m—[38;2;141;150;160m · [m[38;2;141;150;160mtx [m—[38;2;141;150;160m · [m[38;2;141;150;160mok [m—[38;2;141;150;160m · [m[38;2;141;150;160mfail [m—                             [38;2;61;68;77m│[m
[38;2;61;68;77m│[m                                                       [38;2;61;68;77m│[m [38;2;61;68;77m│[m[38;2;141;150;160mavg [m—[38;2;141;150;160m · [m[38;2;141;150;160mdb [m—                                            [38;2;61;68;77m│[m
[38;2;61;68;77m╰───────────────────────────────────────────────────────╯[m [38;2;61;68;77m╰────────────────────────────────────────────────────────╯[m
                                                          [38;2;68;147;248mQUICK ACTIONS[m                                             
                                                          [38;2;61;68;77m╭────────────────────────────────────────────────────────╮[m
                                                          [38;2;61;68;77m│[m[38;2;141;150;160mno actions registered - open the palette with :[m         [38;2;61;68;77m│[m
                                                          [38;2;61;68;77m╰────────────────────────────────────────────────────────╯[m