CONNECTION                                          MOCK SERVER                                                                                   
+-------------------------------------------------+ +--------------------------------------------------------------------------------------------+
|[ok] ONLINE (caller) 10.0.0.5:8080               | |* running :9999 (binary2) - up 02:32 - conns 1                                              |
|binary2 | TLS mTLS | up 02:20:11 | retries 3     | |served 415 - matched 100.0% - fallback 0 - req err 0                                        |
+-------------------------------------------------+ +--------------------------------------------------------------------------------------------+
LAST SEND                                           SERVER LOG                                                                                    
+-------------------------------------------------+ +--------------------------------------------------------------------------------------------+
|12:04:09 Echo                                    | |09:17:03 ok Echo | 0800->0810 | RC 00                                                       |
|0200 -> 0210 | RC 00 APPROVED                    | |09:17:04 ok Echo | 0800->0810 | RC 00                                                       |
|1.9ms | [ok] validated | [ok] correlation        | |09:18:11 warn Fallback | 0200->0210 | RC 12                                                 |
|enter open                                       | |09:18:12 ok Echo | 0800->0810 | RC 00                                                       |
+-------------------------------------------------+ +--------------------------------------------------------------------------------------------+
LAST STRESS                                         SESSION                                                                                       
+-------------------------------------------------+ +--------------------------------------------------------------------------------------------+
|12:03:58 w-2 [ok] done | 100.0% ok               | |ID 9f3ca1 | tx 148 | ok 146 | fail 2                                                        |
|1 worker | 82.3 tps | p99 0.3ms                  | |avg 3.4ms | db ./sessions.db                                                                |
|enter summary                                    | |                                                                                            |
+-------------------------------------------------+ +--------------------------------------------------------------------------------------------+
                                                    QUICK ACTIONS                                                                                 
                                                    +--------------------------------------------------------------------------------------------+
                                                    |> Disconnect                                                                                |
                                                    |  Send transaction                                                                          |
                                                    |  View last send                                                                            |
                                                    |  Send history                                                                              |
                                                    |  Stress summary                                                                            |
                                                    |  Run scenario                                                                              |
                                                    |  Start mock server                                                                         |
                                                    |  Start stress test                                                                         |
                                                    |  Analyze PCAP capture                                                                      |
                                                    +--------------------------------------------------------------------------------------------+