[38;2;68;147;248mINSPECTOR[m  [38;2;141;150;160mTransactions ▸[m Purchase  [38;2;141;150;160mMessages(1/12)[m  [38;2;68;147;248m[fields][m [2;38;2;141;150;160mbitmap[m [38;2;68;147;248m[packed][m [2;38;2;141;150;160mraw json[m
[38;2;68;147;248mPACKED MESSAGE[m
[38;2;61;68;77m╭──────────────────────────────────────────────────────────────────────────────────────────────────────────────────╮[m
[38;2;61;68;77m│[m[38;2;141;150;160mlen hdr: binary2 - msg 19 bytes[m                                                                                   [38;2;61;68;77m│[m
[38;2;61;68;77m│[m[38;2;141;150;160m00000000  [m00 79 32 30 30 00 30 00  30 00 30 00 32 30 00 32  |.y200.0.0.0.20.2|                                    [38;2;61;68;77m│[m
[38;2;61;68;77m│[m[38;2;141;150;160m00000010  [m35 31 32                                         |512|                                                  [38;2;61;68;77m│[m
[38;2;61;68;77m│[m                                                                                                                  [38;2;61;68;77m│[m
[38;2;61;68;77m│[m                                                                                                                  [38;2;61;68;77m│[m
[38;2;61;68;77m│[m                                                                                                                  [38;2;61;68;77m│[m
[38;2;61;68;77m│[m                                                                                                                  [38;2;61;68;77m│[m
[38;2;61;68;77m│[m                                                                                                                  [38;2;61;68;77m│[m
[38;2;61;68;77m│[m                                                                                                                  [38;2;61;68;77m│[m
[38;2;61;68;77m│[m                                                                                                                  [38;2;61;68;77m│[m
[38;2;61;68;77m│[m                                                                                                                  [38;2;61;68;77m│[m
[38;2;61;68;77m│[m                                                                                                                  [38;2;61;68;77m│[m
[38;2;61;68;77m│[m                                                                                                                  [38;2;61;68;77m│[m
[38;2;61;68;77m│[m                                                                                                                  [38;2;61;68;77m│[m
[38;2;61;68;77m│[m                                                                                                                  [38;2;61;68;77m│[m
[38;2;61;68;77m│[m                                                                                                                  [38;2;61;68;77m│[m
[38;2;61;68;77m│[m                                                                                                                  [38;2;61;68;77m│[m
[38;2;61;68;77m│[m                                                                                                                  [38;2;61;68;77m│[m
[38;2;61;68;77m│[m                                                                                                                  [38;2;61;68;77m│[m
[38;2;61;68;77m│[m                                                                                                                  [38;2;61;68;77m│[m
[38;2;61;68;77m│[m                                                                                                                  [38;2;61;68;77m│[m
[38;2;61;68;77m│[m                                                                                                                  [38;2;61;68;77m│[m
[38;2;61;68;77m│[m                                                                                                                  [38;2;61;68;77m│[m
[38;2;61;68;77m╰──────────────────────────────────────────────────────────────────────────────────────────────────────────────────╯[m
[38;2;141;150;160mvalidation:[m [1;38;2;63;185;80m✓ ok[m[38;2;141;150;160m · [m[1;38;2;63;185;80m✓ subfield lengths sum[m