[38;2;68;147;248mINSPECTOR[m  [38;2;141;150;160mTransactions ▸[m Purchase  [38;2;141;150;160mMessages(1/12)[m  [38;2;68;147;248m[fields][m [2;38;2;141;150;160mbitmap[m [38;2;68;147;248m[packed][m [2;38;2;141;150;160mraw json[m
[38;2;141;150;160mFIELDS (interpolated [m→ [38;2;141;150;160mlive)[m                     [38;2;68;147;248mPACKED MESSAGE[m                                                   
[38;2;61;68;77m╭──────────────────────────────────────────────╮[m [38;2;61;68;77m╭───────────────────────────────────────────────────────────────╮[m
[38;2;61;68;77m│[m▸ [38;2;141;150;160mISO8583 Message:[m                            [38;2;61;68;77m│[m [38;2;61;68;77m│[m[38;2;141;150;160mlen hdr: binary2 - msg 19 bytes[m                                [38;2;61;68;77m│[m
[38;2;61;68;77m│[m  [38;2;141;150;160mMTI..........: [m0200                         [38;2;61;68;77m│[m [38;2;61;68;77m│[m[38;2;141;150;160m00000000  [m00 79 32 30 30 00 30 00  30 00 30 00 32 30 00 32  …  [38;2;61;68;77m│[m
[38;2;61;68;77m│[m  [38;2;141;150;160mF0   Message Type Indicator..: [m0200         [38;2;61;68;77m│[m [38;2;61;68;77m│[m[38;2;141;150;160m00000010  [m35 31 32                                         |…  [38;2;61;68;77m│[m
[38;2;61;68;77m│[m  [38;2;141;150;160mF2   Primary Account Number..: [m4567****34…  [38;2;61;68;77m│[m [38;2;61;68;77m│[m                                                               [38;2;61;68;77m│[m
[38;2;61;68;77m│[m  [38;2;141;150;160mF70  Network Info Code.......: [m301          [38;2;61;68;77m│[m [38;2;61;68;77m│[m                                                               [38;2;61;68;77m│[m
[38;2;61;68;77m│[m                                              [38;2;61;68;77m│[m [38;2;61;68;77m│[m                                                               [38;2;61;68;77m│[m
[38;2;61;68;77m│[m                                              [38;2;61;68;77m│[m [38;2;61;68;77m│[m                                                               [38;2;61;68;77m│[m
[38;2;61;68;77m│[m                                              [38;2;61;68;77m│[m [38;2;61;68;77m│[m                                                               [38;2;61;68;77m│[m
[38;2;61;68;77m│[m                                              [38;2;61;68;77m│[m [38;2;61;68;77m│[m                                                               [38;2;61;68;77m│[m
[38;2;61;68;77m│[m                                              [38;2;61;68;77m│[m [38;2;61;68;77m│[m                                                               [38;2;61;68;77m│[m
[38;2;61;68;77m│[m                                              [38;2;61;68;77m│[m [38;2;61;68;77m│[m                                                               [38;2;61;68;77m│[m
[38;2;61;68;77m│[m                                              [38;2;61;68;77m│[m [38;2;61;68;77m│[m                                                               [38;2;61;68;77m│[m
[38;2;61;68;77m│[m                                              [38;2;61;68;77m│[m [38;2;61;68;77m│[m                                                               [38;2;61;68;77m│[m
[38;2;61;68;77m│[m                                              [38;2;61;68;77m│[m [38;2;61;68;77m│[m                                                               [38;2;61;68;77m│[m
[38;2;61;68;77m│[m                                              [38;2;61;68;77m│[m [38;2;61;68;77m│[m                                                               [38;2;61;68;77m│[m
[38;2;61;68;77m│[m                                              [38;2;61;68;77m│[m [38;2;61;68;77m│[m                                                               [38;2;61;68;77m│[m
[38;2;61;68;77m│[m                                              [38;2;61;68;77m│[m [38;2;61;68;77m│[m                                                               [38;2;61;68;77m│[m
[38;2;61;68;77m│[m                                              [38;2;61;68;77m│[m [38;2;61;68;77m│[m                                                               [38;2;61;68;77m│[m
[38;2;61;68;77m│[m                                              [38;2;61;68;77m│[m [38;2;61;68;77m│[m                                                               [38;2;61;68;77m│[m
[38;2;61;68;77m│[m                                              [38;2;61;68;77m│[m [38;2;61;68;77m│[m                                                               [38;2;61;68;77m│[m
[38;2;61;68;77m│[m                                              [38;2;61;68;77m│[m [38;2;61;68;77m│[m                                                               [38;2;61;68;77m│[m
[38;2;61;68;77m│[m                                              [38;2;61;68;77m│[m [38;2;61;68;77m│[m                                                               [38;2;61;68;77m│[m
[38;2;61;68;77m│[m                                              [38;2;61;68;77m│[m [38;2;61;68;77m│[m                                                               [38;2;61;68;77m│[m
[38;2;61;68;77m╰──────────────────────────────────────────────╯[m [38;2;61;68;77m╰───────────────────────────────────────────────────────────────╯[m
[38;2;141;150;160mvalidation:[m [1;38;2;63;185;80m✓ ok[m[38;2;141;150;160m · [m[1;38;2;63;185;80m✓ subfield lengths sum[m