INSPECTOR  Transactions > Purchase  Messages(1/12)  [fields] bitmap [packed] raw json
PACKED MESSAGE
+------------------------------------------------------------------------------------------------------------------+
|len hdr: binary2 - msg 19 bytes                                                                                   |
|00000000  00 79 32 30 30 00 30 00  30 00 30 00 32 30 00 32  |.y200.0.0.0.20.2|                                    |
|00000010  35 31 32                                         |512|                                                  |
|                                                                                                                  |
|                                                                                                                  |
|                                                                                                                  |
|                                                                                                                  |
|                                                                                                                  |
|                                                                                                                  |
|                                                                                                                  |
|                                                                                                                  |
|                                                                                                                  |
|                                                                                                                  |
|                                                                                                                  |
|                                                                                                                  |
|                                                                                                                  |
|                                                                                                                  |
|                                                                                                                  |
|                                                                                                                  |
|                                                                                                                  |
|                                                                                                                  |
|                                                                                                                  |
|                                                                                                                  |
+------------------------------------------------------------------------------------------------------------------+
validation: [ok] ok - [ok] subfield lengths sum