SCENARIOS (3)  filter: -  report: scenario-report.json
[x] error: 39 expect "00" got "96"
+----------------------------------+ STEPS                                                                      
|> E2E Purchase and Reversal       | +-------------------------------------------------------------------------+
|  Card update flow                | |  1  Network Sign On                              0800 -> RC 00 1ms [ok] |
|  Decline matrix                  | |  2  Purchase Authorization                       0200 -> 96 2ms [x]     |
|                                  | |      [x] 39 expect "00" got "96"                                        |
|                                  | |  3  Reversal                                     0420 -> -              |
|                                  | |                                                                         |
|                                  | |                                                                         |
|                                  | |                                                                         |
|                                  | |                                                                         |
|                                  | |                                                                         |
|                                  | |                                                                         |
|                                  | |                                                                         |
|                                  | |                                                                         |
|                                  | |                                                                         |
|                                  | |                                                                         |
|                                  | |                                                                         |
|                                  | |                                                                         |
|                                  | |                                                                         |
|                                  | |                                                                         |
|                                  | |                                                                         |
|                                  | |                                                                         |
+----------------------------------+ |                                                                         |
                                     |                                                                         |
                                     +-------------------------------------------------------------------------+
1/2 passed - 3ms total  report -> scenario-report.json