SCENARIOS (3)  filter: -  report: scenario-report.json
SCENARIOS                              STEPS                                                                        
+------------------------------------+ +---------------------------------------------------------------------------+
|> E2E Purchase and Reversal         | |>  1  Network Sign On                             0800 -> RC 00 1ms [ok]   |
|  Card update flow                  | |   2  Purchase Authorization                      0200 -> RC 00 3ms [ok]   |
|  Decline matrix                    | |      extract AuthId=482913 - validate 39=00 [ok]                          |
|                                    | |   3  Reversal                                    0420 -> .. running~      |
|                                    | |   4  Advice                                      0400 -> -                |
|                                    | |                                                                           |
|                                    | |                                                                           |
|                                    | |                                                                           |
|                                    | |                                                                           |
|                                    | |                                                                           |
|                                    | |                                                                           |
|                                    | |                                                                           |
|                                    | |                                                                           |
|                                    | |                                                                           |
|                                    | |                                                                           |
|                                    | |                                                                           |
|                                    | |                                                                           |
|                                    | |                                                                           |
|                                    | |                                                                           |
|                                    | |                                                                           |
|                                    | |                                                                           |
|                                    | |                                                                           |
|                                    | |                                                                           |
+------------------------------------+ +---------------------------------------------------------------------------+
.. running