[38;2;68;147;248mSCENARIOS (3)[m  [38;2;141;150;160mfilter:[m —  [38;2;141;150;160mreport:[m scenario-report.json
[38;2;61;68;77m╭──────────────────────────────────╮[m [38;2;68;147;248mSTEPS[m                                                                      
[38;2;61;68;77m│[m[38;2;255;255;255;48;2;31;111;235m▸ E2E Purchase and Reversal       [m[38;2;61;68;77m│[m [38;2;61;68;77m╭─────────────────────────────────────────────────────────────────────────╮[m
[38;2;61;68;77m│[m  Card update flow                [38;2;61;68;77m│[m [38;2;61;68;77m│[m[38;2;141;150;160m  1  [mNetwork Sign On                              [38;2;141;150;160m0800[m [38;2;141;150;160m→[m RC 00 1ms [1;38;2;63;185;80m✓[m     [38;2;61;68;77m│[m
[38;2;61;68;77m│[m  Decline matrix                  [38;2;61;68;77m│[m [38;2;61;68;77m│[m[38;2;141;150;160m  2  [mPurchase Authorization                       [38;2;141;150;160m0200[m [38;2;141;150;160m→[m RC 00 3ms [1;38;2;63;185;80m✓[m     [38;2;61;68;77m│[m
[38;2;61;68;77m│[m                                  [38;2;61;68;77m│[m [38;2;61;68;77m│[m      [38;2;141;150;160mextract AuthId=482913 · validate 39=00 [m[1;38;2;63;185;80m✓[m                           [38;2;61;68;77m│[m
[38;2;61;68;77m│[m                                  [38;2;61;68;77m│[m [38;2;61;68;77m│[m[38;2;141;150;160m  3  [mReversal                                     [38;2;141;150;160m0420[m [38;2;141;150;160m→[m RC 00 3ms [1;38;2;63;185;80m✓[m     [38;2;61;68;77m│[m
[38;2;61;68;77m│[m                                  [38;2;61;68;77m│[m [38;2;61;68;77m│[m      [38;2;141;150;160mvalidate 39=00 [m[1;38;2;63;185;80m✓[m                                                   [38;2;61;68;77m│[m
[38;2;61;68;77m│[m                                  [38;2;61;68;77m│[m [38;2;61;68;77m│[m                                                                         [38;2;61;68;77m│[m
[38;2;61;68;77m│[m                                  [38;2;61;68;77m│[m [38;2;61;68;77m│[m                                                                         [38;2;61;68;77m│[m
[38;2;61;68;77m│[m                                  [38;2;61;68;77m│[m [38;2;61;68;77m│[m                                                                         [38;2;61;68;77m│[m
[38;2;61;68;77m│[m                                  [38;2;61;68;77m│[m [38;2;61;68;77m│[m                                                                         [38;2;61;68;77m│[m
[38;2;61;68;77m│[m                                  [38;2;61;68;77m│[m [38;2;61;68;77m│[m                                                                         [38;2;61;68;77m│[m
[38;2;61;68;77m│[m                                  [38;2;61;68;77m│[m [38;2;61;68;77m│[m                                                                         [38;2;61;68;77m│[m
[38;2;61;68;77m│[m                                  [38;2;61;68;77m│[m [38;2;61;68;77m│[m                                                                         [38;2;61;68;77m│[m
[38;2;61;68;77m│[m                                  [38;2;61;68;77m│[m [38;2;61;68;77m│[m                                                                         [38;2;61;68;77m│[m
[38;2;61;68;77m│[m                                  [38;2;61;68;77m│[m [38;2;61;68;77m│[m                                                                         [38;2;61;68;77m│[m
[38;2;61;68;77m│[m                                  [38;2;61;68;77m│[m [38;2;61;68;77m│[m                                                                         [38;2;61;68;77m│[m
[38;2;61;68;77m│[m                                  [38;2;61;68;77m│[m [38;2;61;68;77m│[m                                                                         [38;2;61;68;77m│[m
[38;2;61;68;77m│[m                                  [38;2;61;68;77m│[m [38;2;61;68;77m│[m                                                                         [38;2;61;68;77m│[m
[38;2;61;68;77m│[m                                  [38;2;61;68;77m│[m [38;2;61;68;77m│[m                                                                         [38;2;61;68;77m│[m
[38;2;61;68;77m│[m                                  [38;2;61;68;77m│[m [38;2;61;68;77m│[m                                                                         [38;2;61;68;77m│[m
[38;2;61;68;77m│[m                                  [38;2;61;68;77m│[m [38;2;61;68;77m│[m                                                                         [38;2;61;68;77m│[m
[38;2;61;68;77m│[m                                  [38;2;61;68;77m│[m [38;2;61;68;77m│[m                                                                         [38;2;61;68;77m│[m
[38;2;61;68;77m╰──────────────────────────────────╯[m [38;2;61;68;77m│[m                                                                         [38;2;61;68;77m│[m
                                     [38;2;61;68;77m│[m                                                                         [38;2;61;68;77m│[m
                                     [38;2;61;68;77m╰─────────────────────────────────────────────────────────────────────────╯[m
3/3 passed · 7ms total