[38;2;68;147;248mSCENARIOS (3)[m  [38;2;141;150;160mfilter:[m —  [38;2;141;150;160mreport:[m scenario-report.json
[1;38;2;255;123;114m✗ error: 39 expect "00" got "96"[m
[38;2;68;147;248m[38;2;68;147;248mSCENARIOS[m[m                              [38;2;68;147;248m[38;2;141;150;160mSTEPS[m[m                                                                        
[38;2;68;147;248m╭────────────────────────────────────╮[m [38;2;61;68;77m╭───────────────────────────────────────────────────────────────────────────╮[m
[38;2;68;147;248m│[m[38;2;255;255;255;48;2;31;111;235m▸ E2E Purchase and Reversal       [m  [38;2;68;147;248m│[m [38;2;61;68;77m│[m[38;2;141;150;160m  1  [mNetwork Sign On                              [38;2;141;150;160m0800[m [38;2;141;150;160m→[m RC 00 1ms [1;38;2;63;185;80m✓[m       [38;2;61;68;77m│[m
[38;2;68;147;248m│[m  Card update flow                  [38;2;68;147;248m│[m [38;2;61;68;77m│[m[38;2;141;150;160m  2  [mPurchase Authorization                       [38;2;141;150;160m0200[m [38;2;141;150;160m→[m 96 2ms [1;38;2;255;123;114m✗[m          [38;2;61;68;77m│[m
[38;2;68;147;248m│[m  Decline matrix                    [38;2;68;147;248m│[m [38;2;61;68;77m│[m      [1;38;2;255;123;114m✗ 39 expect "00" got "96"[m                                            [38;2;61;68;77m│[m
[38;2;68;147;248m│[m                                    [38;2;68;147;248m│[m [38;2;61;68;77m│[m[38;2;141;150;160m  3  [mReversal                                     [38;2;141;150;160m0420[m [38;2;141;150;160m→[m [38;2;141;150;160m—[m                 [38;2;61;68;77m│[m
[38;2;68;147;248m│[m                                    [38;2;68;147;248m│[m [38;2;61;68;77m│[m                                                                           [38;2;61;68;77m│[m
[38;2;68;147;248m│[m                                    [38;2;68;147;248m│[m [38;2;61;68;77m│[m                                                                           [38;2;61;68;77m│[m
[38;2;68;147;248m│[m                                    [38;2;68;147;248m│[m [38;2;61;68;77m│[m                                                                           [38;2;61;68;77m│[m
[38;2;68;147;248m│[m                                    [38;2;68;147;248m│[m [38;2;61;68;77m│[m                                                                           [38;2;61;68;77m│[m
[38;2;68;147;248m│[m                                    [38;2;68;147;248m│[m [38;2;61;68;77m│[m                                                                           [38;2;61;68;77m│[m
[38;2;68;147;248m│[m                                    [38;2;68;147;248m│[m [38;2;61;68;77m│[m                                                                           [38;2;61;68;77m│[m
[38;2;68;147;248m│[m                                    [38;2;68;147;248m│[m [38;2;61;68;77m│[m                                                                           [38;2;61;68;77m│[m
[38;2;68;147;248m│[m                                    [38;2;68;147;248m│[m [38;2;61;68;77m│[m                                                                           [38;2;61;68;77m│[m
[38;2;68;147;248m│[m                                    [38;2;68;147;248m│[m [38;2;61;68;77m│[m                                                                           [38;2;61;68;77m│[m
[38;2;68;147;248m│[m                                    [38;2;68;147;248m│[m [38;2;61;68;77m│[m                                                                           [38;2;61;68;77m│[m
[38;2;68;147;248m│[m                                    [38;2;68;147;248m│[m [38;2;61;68;77m│[m                                                                           [38;2;61;68;77m│[m
[38;2;68;147;248m│[m                                    [38;2;68;147;248m│[m [38;2;61;68;77m│[m                                                                           [38;2;61;68;77m│[m
[38;2;68;147;248m│[m                                    [38;2;68;147;248m│[m [38;2;61;68;77m│[m                                                                           [38;2;61;68;77m│[m
[38;2;68;147;248m│[m                                    [38;2;68;147;248m│[m [38;2;61;68;77m│[m                                                                           [38;2;61;68;77m│[m
[38;2;68;147;248m│[m                                    [38;2;68;147;248m│[m [38;2;61;68;77m│[m                                                                           [38;2;61;68;77m│[m
[38;2;68;147;248m│[m                                    [38;2;68;147;248m│[m [38;2;61;68;77m│[m                                                                           [38;2;61;68;77m│[m
[38;2;68;147;248m│[m                                    [38;2;68;147;248m│[m [38;2;61;68;77m│[m                                                                           [38;2;61;68;77m│[m
[38;2;68;147;248m│[m                                    [38;2;68;147;248m│[m [38;2;61;68;77m│[m                                                                           [38;2;61;68;77m│[m
[38;2;68;147;248m╰────────────────────────────────────╯[m [38;2;61;68;77m╰───────────────────────────────────────────────────────────────────────────╯[m
1/2 passed · 3ms total  [38;2;141;150;160mreport → scenario-report.json[m