SCENARIOS (3)  filter: -  report: scenario-report.json
[x] error: 39 expect "00" got "96"
SCENARIOS                              STEPS                                                                        
+------------------------------------+ +---------------------------------------------------------------------------+
|> E2E Purchase and Reversal         | |>  1  Network Sign On                             0800 -> RC 00 1ms [ok]   |
|  Card update flow                  | |   2  Purchase Authorization                      0200 -> 96 2ms [x]       |
|  Decline matrix                    | |      [x] 39 expect "00" got "96"                                          |
|                                    | |   3  Reversal                                    0420 -> -                |
|                                    | |                                                                           |
|                                    | |                                                                           |
|                                    | |                                                                           |
|                                    | |                                                                           |
|                                    | |                                                                           |
|                                    | |                                                                           |
|                                    | |                                                                           |
|                                    | |                                                                           |
|                                    | |                                                                           |
|                                    | |                                                                           |
|                                    | |                                                                           |
|                                    | |                                                                           |
|                                    | |                                                                           |
|                                    | |                                                                           |
|                                    | |                                                                           |
|                                    | |                                                                           |
|                                    | |                                                                           |
|                                    | |                                                                           |
+------------------------------------+ +---------------------------------------------------------------------------+
1/2 passed - 3ms total  report -> scenario-report.json