[38;2;68;147;248mSEND[m[2;38;2;141;150;160m —— [mPurchase[2;38;2;141;150;160m —— target [m10.0.0.5:8080  Connect [1;38;2;63;185;80m✓[m[2;38;2;141;150;160m ▸ [mSend [1;38;2;63;185;80m✓[m[2;38;2;141;150;160m ▸ [mReceive [1;38;2;255;123;114m✗[m[2;38;2;141;150;160m ▸ [m[2;38;2;141;150;160mParse …[m[2;38;2;141;150;160m ▸ [m[2;38;2;141;150;160mValidate …[m
[38;2;68;147;248mREQUEST[m  [38;2;141;150;160m0200[m                                           [38;2;68;147;248mRESPONSE[m  [38;2;141;150;160m—[m                                            
[38;2;61;68;77m╭─────────────────────────────────────────────────────╮[m [38;2;61;68;77m╭─────────────────────────────────────────────────────╮[m
[38;2;61;68;77m│[m[38;2;141;150;160m 0  [m0200                                             [38;2;61;68;77m│[m [38;2;61;68;77m│[m[2;38;2;141;150;160mno response[m                                          [38;2;61;68;77m│[m
[38;2;61;68;77m│[m[38;2;141;150;160m 2  [m4242*4242                                        [38;2;61;68;77m│[m [38;2;61;68;77m│[m                                                     [38;2;61;68;77m│[m
[38;2;61;68;77m│[m[38;2;141;150;160m11  [m041822                                           [38;2;61;68;77m│[m [38;2;61;68;77m│[m                                                     [38;2;61;68;77m│[m
[38;2;61;68;77m│[m                                                     [38;2;61;68;77m│[m [38;2;61;68;77m│[m                                                     [38;2;61;68;77m│[m
[38;2;61;68;77m│[m                                                     [38;2;61;68;77m│[m [38;2;61;68;77m│[m                                                     [38;2;61;68;77m│[m
[38;2;61;68;77m│[m                                                     [38;2;61;68;77m│[m [38;2;61;68;77m│[m                                                     [38;2;61;68;77m│[m
[38;2;61;68;77m│[m                                                     [38;2;61;68;77m│[m [38;2;61;68;77m│[m                                                     [38;2;61;68;77m│[m
[38;2;61;68;77m│[m                                                     [38;2;61;68;77m│[m [38;2;61;68;77m│[m                                                     [38;2;61;68;77m│[m
[38;2;61;68;77m│[m                                                     [38;2;61;68;77m│[m [38;2;61;68;77m│[m                                                     [38;2;61;68;77m│[m
[38;2;61;68;77m│[m                                                     [38;2;61;68;77m│[m [38;2;61;68;77m│[m                                                     [38;2;61;68;77m│[m
[38;2;61;68;77m│[m                                                     [38;2;61;68;77m│[m [38;2;61;68;77m│[m                                                     [38;2;61;68;77m│[m
[38;2;61;68;77m│[m                                                     [38;2;61;68;77m│[m [38;2;61;68;77m│[m                                                     [38;2;61;68;77m│[m
[38;2;61;68;77m│[m                                                     [38;2;61;68;77m│[m [38;2;61;68;77m│[m                                                     [38;2;61;68;77m│[m
[38;2;61;68;77m│[m                                                     [38;2;61;68;77m│[m [38;2;61;68;77m│[m                                                     [38;2;61;68;77m│[m
[38;2;61;68;77m│[m                                                     [38;2;61;68;77m│[m [38;2;61;68;77m│[m                                                     [38;2;61;68;77m│[m
[38;2;61;68;77m│[m                                                     [38;2;61;68;77m│[m [38;2;61;68;77m│[m                                                     [38;2;61;68;77m│[m
[38;2;61;68;77m│[m                                                     [38;2;61;68;77m│[m [38;2;61;68;77m│[m                                                     [38;2;61;68;77m│[m
[38;2;61;68;77m│[m                                                     [38;2;61;68;77m│[m [38;2;61;68;77m│[m                                                     [38;2;61;68;77m│[m
[38;2;61;68;77m│[m                                                     [38;2;61;68;77m│[m [38;2;61;68;77m│[m                                                     [38;2;61;68;77m│[m
[38;2;61;68;77m│[m                                                     [38;2;61;68;77m│[m [38;2;61;68;77m│[m                                                     [38;2;61;68;77m│[m
[38;2;61;68;77m│[m                                                     [38;2;61;68;77m│[m [38;2;61;68;77m│[m                                                     [38;2;61;68;77m│[m
[38;2;61;68;77m│[m                                                     [38;2;61;68;77m│[m [38;2;61;68;77m│[m                                                     [38;2;61;68;77m│[m
[38;2;61;68;77m╰─────────────────────────────────────────────────────╯[m [38;2;61;68;77m╰─────────────────────────────────────────────────────╯[m
[1;38;2;255;123;114m✗ TIMEOUT[m[2;38;2;141;150;160m · elapsed 5s[m
