[38;2;68;147;248mSEND[m[2;38;2;141;150;160m —— [mPurchase[2;38;2;141;150;160m —— target [m10.0.0.5:8080  Connect [1;38;2;63;185;80m✓[m[2;38;2;141;150;160m ▸ [mSend [1;38;2;63;185;80m✓[m[2;38;2;141;150;160m ▸ [mReceive [1;38;2;63;185;80m✓[m[2;38;2;141;150;160m ▸ [mParse [1;38;2;63;185;80m✓[m[2;38;2;141;150;160m ▸ [mValidate [1;38;2;63;185;80m✓[m
[38;2;68;147;248mREQUEST[m  [38;2;141;150;160m0200[m                                           [38;2;68;147;248mRESPONSE[m  [38;2;141;150;160m0210[m                                         
[38;2;61;68;77m╭─────────────────────────────────────────────────────╮[m [38;2;61;68;77m╭─────────────────────────────────────────────────────╮[m
[38;2;61;68;77m│[m[38;2;141;150;160m 0  [m0200                                             [38;2;61;68;77m│[m [38;2;61;68;77m│[m[38;2;141;150;160m 0  [m0210                                             [38;2;61;68;77m│[m
[38;2;61;68;77m│[m[38;2;141;150;160m 2  [m4242*4242                                        [38;2;61;68;77m│[m [38;2;61;68;77m│[m[38;2;141;150;160m 2  [m4242*4242[38;2;141;150;160m (echo [m[1;38;2;63;185;80m✓[m[38;2;141;150;160m)[m                               [38;2;61;68;77m│[m
[38;2;61;68;77m│[m[38;2;141;150;160m11  [m041822                                           [38;2;61;68;77m│[m [38;2;61;68;77m│[m[38;2;141;150;160m11  [m041822[38;2;141;150;160m (STAN [m[1;38;2;63;185;80m✓[m[38;2;141;150;160m)[m                                  [38;2;61;68;77m│[m
[38;2;61;68;77m│[m                                                     [38;2;61;68;77m│[m [38;2;61;68;77m│[m[38;2;141;150;160m38  [m482913[2;38;2;141;150;160m (auth code)[m                               [38;2;61;68;77m│[m
[38;2;61;68;77m│[m                                                     [38;2;61;68;77m│[m [38;2;61;68;77m│[m[38;2;141;150;160m39  [m00                                               [38;2;61;68;77m│[m
[38;2;61;68;77m│[m                                                     [38;2;61;68;77m│[m [38;2;61;68;77m│[m                                                     [38;2;61;68;77m│[m
[38;2;61;68;77m│[m                                                     [38;2;61;68;77m│[m [38;2;61;68;77m│[m                                                     [38;2;61;68;77m│[m
[38;2;61;68;77m│[m                                                     [38;2;61;68;77m│[m [38;2;61;68;77m│[m                                                     [38;2;61;68;77m│[m
[38;2;61;68;77m│[m                                                     [38;2;61;68;77m│[m [38;2;61;68;77m│[m                                                     [38;2;61;68;77m│[m
[38;2;61;68;77m│[m                                                     [38;2;61;68;77m│[m [38;2;61;68;77m│[m                                                     [38;2;61;68;77m│[m
[38;2;61;68;77m│[m                                                     [38;2;61;68;77m│[m [38;2;61;68;77m│[m                                                     [38;2;61;68;77m│[m
[38;2;61;68;77m│[m                                                     [38;2;61;68;77m│[m [38;2;61;68;77m│[m                                                     [38;2;61;68;77m│[m
[38;2;61;68;77m│[m                                                     [38;2;61;68;77m│[m [38;2;61;68;77m│[m                                                     [38;2;61;68;77m│[m
[38;2;61;68;77m│[m                                                     [38;2;61;68;77m│[m [38;2;61;68;77m│[m                                                     [38;2;61;68;77m│[m
[38;2;61;68;77m│[m                                                     [38;2;61;68;77m│[m [38;2;61;68;77m│[m                                                     [38;2;61;68;77m│[m
[38;2;61;68;77m│[m                                                     [38;2;61;68;77m│[m [38;2;61;68;77m│[m                                                     [38;2;61;68;77m│[m
[38;2;61;68;77m│[m                                                     [38;2;61;68;77m│[m [38;2;61;68;77m│[m                                                     [38;2;61;68;77m│[m
[38;2;61;68;77m│[m                                                     [38;2;61;68;77m│[m [38;2;61;68;77m│[m                                                     [38;2;61;68;77m│[m
[38;2;61;68;77m│[m                                                     [38;2;61;68;77m│[m [38;2;61;68;77m│[m                                                     [38;2;61;68;77m│[m
[38;2;61;68;77m│[m                                                     [38;2;61;68;77m│[m [38;2;61;68;77m│[m                                                     [38;2;61;68;77m│[m
[38;2;61;68;77m│[m                                                     [38;2;61;68;77m│[m [38;2;61;68;77m│[m                                                     [38;2;61;68;77m│[m
[38;2;61;68;77m│[m                                                     [38;2;61;68;77m│[m [38;2;61;68;77m│[m                                                     [38;2;61;68;77m│[m
[38;2;61;68;77m╰─────────────────────────────────────────────────────╯[m [38;2;61;68;77m╰─────────────────────────────────────────────────────╯[m
[2;38;2;141;150;160melapsed 3.2ms · attempt 1 · validated [m✓[2;38;2;141;150;160m · correlation [m✓
[1;38;2;63;185;80m0210 · RC 00 APPROVED[m