SEND -- Purchase -- target 10.0.0.5:8080  Connect [ok] > Send [ok] > Receive [ok] > Parse [ok] > Validate [ok]
REQUEST  0200                                           RESPONSE  0210                                         
+-----------------------------------------------------+ +-----------------------------------------------------+
| 0  0200                                             | | 0  0210                                             |
| 2  4242*4242                                        | | 2  4242*4242 (echo [ok])                            |
|11  041822                                           | |11  041822 (STAN [ok])                               |
|                                                     | |38  482913 (auth code)                               |
|                                                     | |39  00                                               |
|                                                     | |                                                     |
|                                                     | |                                                     |
|                                                     | |                                                     |
|                                                     | |                                                     |
|                                                     | |                                                     |
|                                                     | |                                                     |
|                                                     | |                                                     |
|                                                     | |                                                     |
|                                                     | |                                                     |
|                                                     | |                                                     |
|                                                     | |                                                     |
|                                                     | |                                                     |
|                                                     | |                                                     |
|                                                     | |                                                     |
|                                                     | |                                                     |
|                                                     | |                                                     |
|                                                     | |                                                     |
+-----------------------------------------------------+ +-----------------------------------------------------+
elapsed 3.2ms - attempt 1 - validated [ok] - correlation [ok]
0210 - RC 00 APPROVED