SEND -- Purchase -- target 10.0.0.5:8080  Connect [ok] > Send [ok] > Receive [x] > Parse .. > Validate ..
REQUEST  0200                                           RESPONSE  -                                            
+-----------------------------------------------------+ +-----------------------------------------------------+
| 0  0200                                             | |no response                                          |
| 2  4242*4242                                        | |                                                     |
|11  041822                                           | |                                                     |
|                                                     | |                                                     |
|                                                     | |                                                     |
|                                                     | |                                                     |
|                                                     | |                                                     |
|                                                     | |                                                     |
|                                                     | |                                                     |
|                                                     | |                                                     |
|                                                     | |                                                     |
|                                                     | |                                                     |
|                                                     | |                                                     |
|                                                     | |                                                     |
|                                                     | |                                                     |
|                                                     | |                                                     |
|                                                     | |                                                     |
|                                                     | |                                                     |
|                                                     | |                                                     |
|                                                     | |                                                     |
|                                                     | |                                                     |
|                                                     | |                                                     |
+-----------------------------------------------------+ +-----------------------------------------------------+
[x] TIMEOUT - elapsed 5s
