MOCK SERVER  * running :9999 (binary2)  uptime 00:42:11
STATS                                  ROUTES                                                                       
+------------------------------------+ +---------------------------------------------------------------------------+
|served    1,204                     | |  MATCH                          RESP       HITS                           |
|matched   1,198                     | |  0200/proc 0200/000000          0210        812                           |
|match %   99.5%                     | |  0800/nmc any                   0810        380                           |
|fallback  4                         | |  0200/proc-mc 0200              0210          6                           |
|drop_conn 2                         | |                                                                           |
|req err   2                         | |                                                                           |
|live conns 3                        | |                                                                           |
|                                    | |                                                                           |
|                                    | |                                                                           |
|                                    | |                                                                           |
|                                    | |                                                                           |
|                                    | |                                                                           |
|                                    | |                                                                           |
|                                    | |                                                                           |
|                                    | |                                                                           |
|                                    | |                                                                           |
|                                    | |                                                                           |
|                                    | |                                                                           |
|                                    | |                                                                           |
|                                    | |                                                                           |
|                                    | |                                                                           |
|                                    | |                                                                           |
|                                    | |                                                                           |
|                                    | |                                                                           |
+------------------------------------+ +---------------------------------------------------------------------------+