MOCK SERVER  * running :9999 (binary2)  uptime 00:42:11
STATS
+--------------------------------------------------------------------------+
|served    1,204                                                           |
|matched   1,198                                                           |
|  99.5%                                                                   |
|fallback  4                                                               |
|  drop_conn 2                                                             |
|req err   2                                                               |
|live conns 3                                                              |
+--------------------------------------------------------------------------+
SERVER LOG
+--------------------------------------------------------------------------+
|09:17:03 ok Echo | 0800->0810 | RC 00                                     |
|09:17:04 ok Echo | 0800->0810 | RC 00                                     |
|09:18:11 warn Fallback | 0200->0210 | RC 12                               |
|09:18:12 drop Drop | 0800-> drop_conn                                     |
|09:18:13 err Error unpacking request payload: short read                  |
|                                                                          |
|newest at bottom - j/k scroll - end follows                               |
+--------------------------------------------------------------------------+
ROUTES
+--------------------------------------------------------------------------+
|  MATCH                          RESP       HITS                          |
|  0200/proc 11=000000            0210        812                          |
+--------------------------------------------------------------------------+

