MOCK SERVER  o stopped
START                                  ROUTES                                                                       
+------------------------------------+ +---------------------------------------------------------------------------+
|start form (when stopped):          | |  MATCH                          RESP       HITS                           |
|port - header - spec - routes file  | |  0200/proc 0200/000000          0210          -                           |
|remembered from your last start     | |  0800/nmc any                   0810          -                           |
|                                    | |  0200/proc-mc 0200              0210          -                           |
|c configure | Enter starts          | |                                                                           |
|                                    | |                                                                           |
|                                    | |                                                                           |
|                                    | |                                                                           |
|                                    | |                                                                           |
|                                    | |                                                                           |
|                                    | |                                                                           |
|                                    | |                                                                           |
|                                    | |                                                                           |
|                                    | |                                                                           |
|                                    | |                                                                           |
|                                    | |                                                                           |
|                                    | |                                                                           |
|                                    | |                                                                           |
|                                    | |                                                                           |
|                                    | |                                                                           |
|                                    | |                                                                           |
|                                    | |                                                                           |
|                                    | |                                                                           |
|                                    | |                                                                           |
+------------------------------------+ +---------------------------------------------------------------------------+