[38;2;68;147;248mMOCK SERVER[m  [38;2;141;150;160m○ stopped[m
[38;2;68;147;248m[38;2;141;150;160mSTART[m[m                                  [38;2;68;147;248m[38;2;141;150;160mROUTES[m[m                                                                       
[38;2;61;68;77m╭────────────────────────────────────╮[m [38;2;61;68;77m╭───────────────────────────────────────────────────────────────────────────╮[m
[38;2;61;68;77m│[m[38;2;141;150;160mstart form (when stopped):[m          [38;2;61;68;77m│[m [38;2;61;68;77m│[m[38;2;141;150;160m  MATCH                          RESP       HITS                           [m[38;2;61;68;77m│[m
[38;2;61;68;77m│[m[38;2;141;150;160mport · header · spec · routes file[m  [38;2;61;68;77m│[m [38;2;61;68;77m│[m  0200/proc 11=000000            0210          —                           [38;2;61;68;77m│[m
[38;2;61;68;77m│[m[38;2;141;150;160mremembered from your last start[m     [38;2;61;68;77m│[m [38;2;61;68;77m│[m  0800/nmc 70=0301               0810          —                           [38;2;61;68;77m│[m
[38;2;61;68;77m│[m                                    [38;2;61;68;77m│[m [38;2;61;68;77m│[m  0200/proc-mc 11=000000         0210          —                           [38;2;61;68;77m│[m
[38;2;61;68;77m│[m[1;38;2;68;147;248mc[m[38;2;141;150;160m configure · [m[1;38;2;68;147;248mEnter[m[38;2;141;150;160m starts[m          [38;2;61;68;77m│[m [38;2;61;68;77m│[m                                                                           [38;2;61;68;77m│[m
[38;2;61;68;77m│[m                                    [38;2;61;68;77m│[m [38;2;61;68;77m│[m                                                                           [38;2;61;68;77m│[m
[38;2;61;68;77m│[m                                    [38;2;61;68;77m│[m [38;2;61;68;77m│[m                                                                           [38;2;61;68;77m│[m
[38;2;61;68;77m│[m                                    [38;2;61;68;77m│[m [38;2;61;68;77m│[m                                                                           [38;2;61;68;77m│[m
[38;2;61;68;77m│[m                                    [38;2;61;68;77m│[m [38;2;61;68;77m│[m                                                                           [38;2;61;68;77m│[m
[38;2;61;68;77m│[m                                    [38;2;61;68;77m│[m [38;2;61;68;77m│[m                                                                           [38;2;61;68;77m│[m
[38;2;61;68;77m│[m                                    [38;2;61;68;77m│[m [38;2;61;68;77m│[m                                                                           [38;2;61;68;77m│[m
[38;2;61;68;77m│[m                                    [38;2;61;68;77m│[m [38;2;61;68;77m│[m                                                                           [38;2;61;68;77m│[m
[38;2;61;68;77m│[m                                    [38;2;61;68;77m│[m [38;2;61;68;77m│[m                                                                           [38;2;61;68;77m│[m
[38;2;61;68;77m│[m                                    [38;2;61;68;77m│[m [38;2;61;68;77m│[m                                                                           [38;2;61;68;77m│[m
[38;2;61;68;77m│[m                                    [38;2;61;68;77m│[m [38;2;61;68;77m│[m                                                                           [38;2;61;68;77m│[m
[38;2;61;68;77m│[m                                    [38;2;61;68;77m│[m [38;2;61;68;77m│[m                                                                           [38;2;61;68;77m│[m
[38;2;61;68;77m│[m                                    [38;2;61;68;77m│[m [38;2;61;68;77m│[m                                                                           [38;2;61;68;77m│[m
[38;2;61;68;77m│[m                                    [38;2;61;68;77m│[m [38;2;61;68;77m│[m                                                                           [38;2;61;68;77m│[m
[38;2;61;68;77m│[m                                    [38;2;61;68;77m│[m [38;2;61;68;77m│[m                                                                           [38;2;61;68;77m│[m
[38;2;61;68;77m│[m                                    [38;2;61;68;77m│[m [38;2;61;68;77m│[m                                                                           [38;2;61;68;77m│[m
[38;2;61;68;77m│[m                                    [38;2;61;68;77m│[m [38;2;61;68;77m│[m                                                                           [38;2;61;68;77m│[m
[38;2;61;68;77m│[m                                    [38;2;61;68;77m│[m [38;2;61;68;77m│[m                                                                           [38;2;61;68;77m│[m
[38;2;61;68;77m│[m                                    [38;2;61;68;77m│[m [38;2;61;68;77m│[m                                                                           [38;2;61;68;77m│[m
[38;2;61;68;77m│[m                                    [38;2;61;68;77m│[m [38;2;61;68;77m│[m                                                                           [38;2;61;68;77m│[m
[38;2;61;68;77m╰────────────────────────────────────╯[m [38;2;61;68;77m╰───────────────────────────────────────────────────────────────────────────╯[m