[38;2;68;147;248mMOCK SERVER[m  [1;38;2;63;185;80m● running[m :9999[38;2;141;150;160m (binary2)[m  [38;2;141;150;160muptime 00:42:11[m
[38;2;68;147;248m[38;2;141;150;160mSTATS[m[m                           [38;2;68;147;248m[38;2;141;150;160mROUTES[m[m                                      [38;2;68;147;248m[38;2;68;147;248mSERVER LOG[m[m                                                                      
[38;2;61;68;77m╭─────────────────────────────╮[m [38;2;61;68;77m╭─────────────────────────────────────────╮[m [38;2;68;147;248m╭──────────────────────────────────────────────────────────────────────────────╮[m
[38;2;61;68;77m│[m[38;2;141;150;160mserved    [m1,204              [38;2;61;68;77m│[m [38;2;61;68;77m│[m[38;2;141;150;160m  MATCH                   RESP       HITS[m[38;2;61;68;77m│[m [38;2;68;147;248m│[m[38;2;141;150;160m09:17:03 🟢 Echo · 0800→0810 · RC 00[m                                          [38;2;68;147;248m│[m
[38;2;61;68;77m│[m[38;2;141;150;160mmatched   [m1,198              [38;2;61;68;77m│[m [38;2;61;68;77m│[m  0200/proc 0200/000000   0210        812[38;2;61;68;77m│[m [38;2;68;147;248m│[m[38;2;141;150;160m09:17:04 🟢 Echo · 0800→0810 · RC 00[m                                          [38;2;68;147;248m│[m
[38;2;61;68;77m│[m[38;2;141;150;160mmatch %   [m99.5%              [38;2;61;68;77m│[m [38;2;61;68;77m│[m  0800/nmc any            0810        380[38;2;61;68;77m│[m [38;2;68;147;248m│[m[38;2;141;150;160m09:18:11 ⚠️ Fallback · 0200→0210 · RC 12[m                                      [38;2;68;147;248m│[m
[38;2;61;68;77m│[m[38;2;141;150;160mfallback  [m4                  [38;2;61;68;77m│[m [38;2;61;68;77m│[m  0200/proc-mc 0200       0210          6[38;2;61;68;77m│[m [38;2;68;147;248m│[m[38;2;141;150;160m09:18:12 🔴 Drop · 0800→ drop_conn[m                                            [38;2;68;147;248m│[m
[38;2;61;68;77m│[m[38;2;141;150;160mdrop_conn [m2                  [38;2;61;68;77m│[m [38;2;61;68;77m│[m                                         [38;2;61;68;77m│[m [38;2;68;147;248m│[m[38;2;141;150;160m09:18:13 ❌ Error unpacking request payload: short read[m                       [38;2;68;147;248m│[m
[38;2;61;68;77m│[m[38;2;141;150;160mreq err   [m2                  [38;2;61;68;77m│[m [38;2;61;68;77m│[m                                         [38;2;61;68;77m│[m [38;2;68;147;248m│[m                                                                              [38;2;68;147;248m│[m
[38;2;61;68;77m│[m[38;2;141;150;160mlive conns [m3                 [38;2;61;68;77m│[m [38;2;61;68;77m│[m                                         [38;2;61;68;77m│[m [38;2;68;147;248m│[m                                                                              [38;2;68;147;248m│[m
[38;2;61;68;77m│[m                             [38;2;61;68;77m│[m [38;2;61;68;77m│[m                                         [38;2;61;68;77m│[m [38;2;68;147;248m│[m                                                                              [38;2;68;147;248m│[m
[38;2;61;68;77m│[m                             [38;2;61;68;77m│[m [38;2;61;68;77m│[m                                         [38;2;61;68;77m│[m [38;2;68;147;248m│[m                                                                              [38;2;68;147;248m│[m
[38;2;61;68;77m│[m                             [38;2;61;68;77m│[m [38;2;61;68;77m│[m                                         [38;2;61;68;77m│[m [38;2;68;147;248m│[m                                                                              [38;2;68;147;248m│[m
[38;2;61;68;77m│[m                             [38;2;61;68;77m│[m [38;2;61;68;77m│[m                                         [38;2;61;68;77m│[m [38;2;68;147;248m│[m                                                                              [38;2;68;147;248m│[m
[38;2;61;68;77m│[m                             [38;2;61;68;77m│[m [38;2;61;68;77m│[m                                         [38;2;61;68;77m│[m [38;2;68;147;248m│[m                                                                              [38;2;68;147;248m│[m
[38;2;61;68;77m│[m                             [38;2;61;68;77m│[m [38;2;61;68;77m│[m                                         [38;2;61;68;77m│[m [38;2;68;147;248m│[m                                                                              [38;2;68;147;248m│[m
[38;2;61;68;77m│[m                             [38;2;61;68;77m│[m [38;2;61;68;77m│[m                                         [38;2;61;68;77m│[m [38;2;68;147;248m│[m                                                                              [38;2;68;147;248m│[m
[38;2;61;68;77m│[m                             [38;2;61;68;77m│[m [38;2;61;68;77m│[m                                         [38;2;61;68;77m│[m [38;2;68;147;248m│[m                                                                              [38;2;68;147;248m│[m
[38;2;61;68;77m│[m                             [38;2;61;68;77m│[m [38;2;61;68;77m│[m                                         [38;2;61;68;77m│[m [38;2;68;147;248m│[m                                                                              [38;2;68;147;248m│[m
[38;2;61;68;77m│[m                             [38;2;61;68;77m│[m [38;2;61;68;77m│[m                                         [38;2;61;68;77m│[m [38;2;68;147;248m│[m                                                                              [38;2;68;147;248m│[m
[38;2;61;68;77m│[m                             [38;2;61;68;77m│[m [38;2;61;68;77m│[m                                         [38;2;61;68;77m│[m [38;2;68;147;248m│[m                                                                              [38;2;68;147;248m│[m
[38;2;61;68;77m│[m                             [38;2;61;68;77m│[m [38;2;61;68;77m│[m                                         [38;2;61;68;77m│[m [38;2;68;147;248m│[m                                                                              [38;2;68;147;248m│[m
[38;2;61;68;77m│[m                             [38;2;61;68;77m│[m [38;2;61;68;77m│[m                                         [38;2;61;68;77m│[m [38;2;68;147;248m│[m                                                                              [38;2;68;147;248m│[m
[38;2;61;68;77m│[m                             [38;2;61;68;77m│[m [38;2;61;68;77m│[m                                         [38;2;61;68;77m│[m [38;2;68;147;248m│[m                                                                              [38;2;68;147;248m│[m
[38;2;61;68;77m│[m                             [38;2;61;68;77m│[m [38;2;61;68;77m│[m                                         [38;2;61;68;77m│[m [38;2;68;147;248m│[m                                                                              [38;2;68;147;248m│[m
[38;2;61;68;77m│[m                             [38;2;61;68;77m│[m [38;2;61;68;77m│[m                                         [38;2;61;68;77m│[m [38;2;68;147;248m│[m                                                                              [38;2;68;147;248m│[m
[38;2;61;68;77m│[m                             [38;2;61;68;77m│[m [38;2;61;68;77m│[m                                         [38;2;61;68;77m│[m [38;2;68;147;248m│[m                                                                              [38;2;68;147;248m│[m
[38;2;61;68;77m│[m                             [38;2;61;68;77m│[m [38;2;61;68;77m│[m                                         [38;2;61;68;77m│[m [38;2;68;147;248m│[m                                                                              [38;2;68;147;248m│[m
[38;2;61;68;77m│[m                             [38;2;61;68;77m│[m [38;2;61;68;77m│[m                                         [38;2;61;68;77m│[m [38;2;68;147;248m│[m                                                                              [38;2;68;147;248m│[m
[38;2;61;68;77m│[m                             [38;2;61;68;77m│[m [38;2;61;68;77m│[m                                         [38;2;61;68;77m│[m [38;2;68;147;248m│[m                                                                              [38;2;68;147;248m│[m
[38;2;61;68;77m│[m                             [38;2;61;68;77m│[m [38;2;61;68;77m│[m                                         [38;2;61;68;77m│[m [38;2;68;147;248m│[m                                                                              [38;2;68;147;248m│[m
[38;2;61;68;77m│[m                             [38;2;61;68;77m│[m [38;2;61;68;77m│[m                                         [38;2;61;68;77m│[m [38;2;68;147;248m│[m                                                                              [38;2;68;147;248m│[m
[38;2;61;68;77m│[m                             [38;2;61;68;77m│[m [38;2;61;68;77m│[m                                         [38;2;61;68;77m│[m [38;2;68;147;248m│[m                                                                              [38;2;68;147;248m│[m
[38;2;61;68;77m│[m                             [38;2;61;68;77m│[m [38;2;61;68;77m│[m                                         [38;2;61;68;77m│[m [38;2;68;147;248m│[m                                                                              [38;2;68;147;248m│[m
[38;2;61;68;77m│[m                             [38;2;61;68;77m│[m [38;2;61;68;77m│[m                                         [38;2;61;68;77m│[m [38;2;68;147;248m│[m[38;2;141;150;160mnewest at bottom · j/k scroll · end follows[m                                   [38;2;68;147;248m│[m
[38;2;61;68;77m╰─────────────────────────────╯[m [38;2;61;68;77m╰─────────────────────────────────────────╯[m [38;2;68;147;248m╰──────────────────────────────────────────────────────────────────────────────╯[m