SESSIONS  db: ./sessions.db  filter: -
no sessions in ./sessions.db. Pass --db to enable logging.
SESSIONS                      STATS                         TX HISTORY                                              
+---------------------------+ +---------------------------+ +------------------------------------------------------+
|no sessions                | |select a session to see ~  | |select a session to see its transactions              |
|                           | |                           | |                                                      |
|                           | |                           | |                                                      |
|                           | |                           | |                                                      |
|                           | |                           | |                                                      |
|                           | |                           | |                                                      |
|                           | |                           | |                                                      |
|                           | |                           | |                                                      |
|                           | |                           | |                                                      |
|                           | |                           | |                                                      |
|                           | |                           | |                                                      |
|                           | |                           | |                                                      |
|                           | |                           | |                                                      |
|                           | |                           | |                                                      |
|                           | |                           | |                                                      |
|                           | |                           | |                                                      |
|                           | |                           | |                                                      |
|                           | |                           | |                                                      |
|                           | |                           | |                                                      |
|                           | |                           | |                                                      |
|                           | |                           | |                                                      |
|                           | |                           | |                                                      |
|                           | |                           | |                                                      |
+---------------------------+ +---------------------------+ +------------------------------------------------------+