[38;2;68;147;248mSESSIONS[m  [38;2;141;150;160mdb: ./sessions.db[m  [38;2;141;150;160mfilter: —[m
[38;2;68;147;248m[38;2;68;147;248mSESSIONS[m[m
[38;2;68;147;248m╭──────────────────────────────────────────────────────────────────────────╮[m
[38;2;68;147;248m│[m[38;2;141;150;160m  SESSION     WHEN                                                      [m  [38;2;68;147;248m│[m
[38;2;68;147;248m│[m[38;2;255;255;255;48;2;31;111;235m▸ 9f3c…a1     today 12:01                                               [m  [38;2;68;147;248m│[m
[38;2;68;147;248m│[m  77b255c9    today 09:55                                                 [38;2;68;147;248m│[m
[38;2;68;147;248m│[m  31a000f4    yest 17:30                                                  [38;2;68;147;248m│[m
[38;2;68;147;248m│[m                                                                          [38;2;68;147;248m│[m
[38;2;68;147;248m│[m                                                                          [38;2;68;147;248m│[m
[38;2;68;147;248m│[m                                                                          [38;2;68;147;248m│[m
[38;2;68;147;248m│[m                                                                          [38;2;68;147;248m│[m
[38;2;68;147;248m│[m                                                                          [38;2;68;147;248m│[m
[38;2;68;147;248m│[m                                                                          [38;2;68;147;248m│[m
[38;2;68;147;248m│[m                                                                          [38;2;68;147;248m│[m
[38;2;68;147;248m│[m                                                                          [38;2;68;147;248m│[m
[38;2;68;147;248m│[m                                                                          [38;2;68;147;248m│[m
[38;2;68;147;248m│[m                                                                          [38;2;68;147;248m│[m
[38;2;68;147;248m│[m                                                                          [38;2;68;147;248m│[m
[38;2;68;147;248m│[m                                                                          [38;2;68;147;248m│[m
[38;2;68;147;248m╰──────────────────────────────────────────────────────────────────────────╯[m