SESSIONS  db: ./sessions.db  filter: -
SESSIONS                      STATS                         TX HISTORY (9f3c~a1)                                    
+---------------------------+ +---------------------------+ +------------------------------------------------------+
|  SESSION     WHEN         | |total     150              | |  TIME     TRANS~   MTI   RC   STATUS        LATENCY  |
|> 9f3c~a1     today 12:01  | |ok        148 (98.7%)      | |  12:04:11 Purchase 0210  00   [ok] ok           3ms  |
|  77b255c9    today 09:55  | |fail      2                | |  12:04:09 Sign On  0810  00   [ok] ok           1ms  |
|  31a000f4    yest 17:30   | |avg       3.4 ms           | |  12:03:58 Purchase -     -    [x] timeout         -  |
|                           | |RC dist   00:148 96:2      | |                                                      |
|                           | |                           | |                                                      |
|                           | |                           | |                                                      |
|                           | |                           | |                                                      |
|                           | |                           | |                                                      |
|                           | |                           | |                                                      |
|                           | |                           | |                                                      |
|                           | |                           | |                                                      |
|                           | |                           | |                                                      |
|                           | |                           | |                                                      |
|                           | |                           | |                                                      |
|                           | |                           | |                                                      |
|                           | |                           | |                                                      |
|                           | |                           | |                                                      |
|                           | |                           | |                                                      |
|                           | |                           | |                                                      |
|                           | |                           | |                                                      |
|                           | |                           | |                                                      |
|                           | |                           | |                                                      |
|                           | |                           | |                                                      |
+---------------------------+ +---------------------------+ +------------------------------------------------------+