SESSIONS  db: ./sessions.db  filter: -
SESSIONS
+--------------------------------------------------------------------------+
|  SESSION     WHEN                                                        |
|> 9f3c~a1     today 12:01                                                 |
|  77b255c9    today 09:55                                                 |
|  31a000f4    yest 17:30                                                  |
|                                                                          |
|                                                                          |
|                                                                          |
|                                                                          |
|                                                                          |
|                                                                          |
|                                                                          |
|                                                                          |
|                                                                          |
|                                                                          |
|                                                                          |
|                                                                          |
+--------------------------------------------------------------------------+