[38;2;68;147;248mSESSIONS[m  [38;2;141;150;160mdb: ./sessions.db[m  [38;2;141;150;160mfilter: —[m
[38;2;141;150;160mno sessions in ./sessions.db. Pass --db to enable logging.[m
[38;2;68;147;248m[38;2;68;147;248mSESSIONS[m[m                      [38;2;68;147;248m[38;2;141;150;160mSTATS[m[m                         [38;2;68;147;248m[38;2;141;150;160mTX HISTORY[m[m                                              
[38;2;68;147;248m╭───────────────────────────╮[m [38;2;61;68;77m╭───────────────────────────╮[m [38;2;61;68;77m╭──────────────────────────────────────────────────────╮[m
[38;2;68;147;248m│[m[38;2;141;150;160mno sessions[m                [38;2;68;147;248m│[m [38;2;61;68;77m│[m[38;2;141;150;160mselect a session to see …[m  [38;2;61;68;77m│[m [38;2;61;68;77m│[m[38;2;141;150;160mselect a session to see its transactions[m              [38;2;61;68;77m│[m
[38;2;68;147;248m│[m                           [38;2;68;147;248m│[m [38;2;61;68;77m│[m                           [38;2;61;68;77m│[m [38;2;61;68;77m│[m                                                      [38;2;61;68;77m│[m
[38;2;68;147;248m│[m                           [38;2;68;147;248m│[m [38;2;61;68;77m│[m                           [38;2;61;68;77m│[m [38;2;61;68;77m│[m                                                      [38;2;61;68;77m│[m
[38;2;68;147;248m│[m                           [38;2;68;147;248m│[m [38;2;61;68;77m│[m                           [38;2;61;68;77m│[m [38;2;61;68;77m│[m                                                      [38;2;61;68;77m│[m
[38;2;68;147;248m│[m                           [38;2;68;147;248m│[m [38;2;61;68;77m│[m                           [38;2;61;68;77m│[m [38;2;61;68;77m│[m                                                      [38;2;61;68;77m│[m
[38;2;68;147;248m│[m                           [38;2;68;147;248m│[m [38;2;61;68;77m│[m                           [38;2;61;68;77m│[m [38;2;61;68;77m│[m                                                      [38;2;61;68;77m│[m
[38;2;68;147;248m│[m                           [38;2;68;147;248m│[m [38;2;61;68;77m│[m                           [38;2;61;68;77m│[m [38;2;61;68;77m│[m                                                      [38;2;61;68;77m│[m
[38;2;68;147;248m│[m                           [38;2;68;147;248m│[m [38;2;61;68;77m│[m                           [38;2;61;68;77m│[m [38;2;61;68;77m│[m                                                      [38;2;61;68;77m│[m
[38;2;68;147;248m│[m                           [38;2;68;147;248m│[m [38;2;61;68;77m│[m                           [38;2;61;68;77m│[m [38;2;61;68;77m│[m                                                      [38;2;61;68;77m│[m
[38;2;68;147;248m│[m                           [38;2;68;147;248m│[m [38;2;61;68;77m│[m                           [38;2;61;68;77m│[m [38;2;61;68;77m│[m                                                      [38;2;61;68;77m│[m
[38;2;68;147;248m│[m                           [38;2;68;147;248m│[m [38;2;61;68;77m│[m                           [38;2;61;68;77m│[m [38;2;61;68;77m│[m                                                      [38;2;61;68;77m│[m
[38;2;68;147;248m│[m                           [38;2;68;147;248m│[m [38;2;61;68;77m│[m                           [38;2;61;68;77m│[m [38;2;61;68;77m│[m                                                      [38;2;61;68;77m│[m
[38;2;68;147;248m│[m                           [38;2;68;147;248m│[m [38;2;61;68;77m│[m                           [38;2;61;68;77m│[m [38;2;61;68;77m│[m                                                      [38;2;61;68;77m│[m
[38;2;68;147;248m│[m                           [38;2;68;147;248m│[m [38;2;61;68;77m│[m                           [38;2;61;68;77m│[m [38;2;61;68;77m│[m                                                      [38;2;61;68;77m│[m
[38;2;68;147;248m│[m                           [38;2;68;147;248m│[m [38;2;61;68;77m│[m                           [38;2;61;68;77m│[m [38;2;61;68;77m│[m                                                      [38;2;61;68;77m│[m
[38;2;68;147;248m│[m                           [38;2;68;147;248m│[m [38;2;61;68;77m│[m                           [38;2;61;68;77m│[m [38;2;61;68;77m│[m                                                      [38;2;61;68;77m│[m
[38;2;68;147;248m│[m                           [38;2;68;147;248m│[m [38;2;61;68;77m│[m                           [38;2;61;68;77m│[m [38;2;61;68;77m│[m                                                      [38;2;61;68;77m│[m
[38;2;68;147;248m│[m                           [38;2;68;147;248m│[m [38;2;61;68;77m│[m                           [38;2;61;68;77m│[m [38;2;61;68;77m│[m                                                      [38;2;61;68;77m│[m
[38;2;68;147;248m│[m                           [38;2;68;147;248m│[m [38;2;61;68;77m│[m                           [38;2;61;68;77m│[m [38;2;61;68;77m│[m                                                      [38;2;61;68;77m│[m
[38;2;68;147;248m│[m                           [38;2;68;147;248m│[m [38;2;61;68;77m│[m                           [38;2;61;68;77m│[m [38;2;61;68;77m│[m                                                      [38;2;61;68;77m│[m
[38;2;68;147;248m│[m                           [38;2;68;147;248m│[m [38;2;61;68;77m│[m                           [38;2;61;68;77m│[m [38;2;61;68;77m│[m                                                      [38;2;61;68;77m│[m
[38;2;68;147;248m│[m                           [38;2;68;147;248m│[m [38;2;61;68;77m│[m                           [38;2;61;68;77m│[m [38;2;61;68;77m│[m                                                      [38;2;61;68;77m│[m
[38;2;68;147;248m│[m                           [38;2;68;147;248m│[m [38;2;61;68;77m│[m                           [38;2;61;68;77m│[m [38;2;61;68;77m│[m                                                      [38;2;61;68;77m│[m
[38;2;68;147;248m╰───────────────────────────╯[m [38;2;61;68;77m╰───────────────────────────╯[m [38;2;61;68;77m╰──────────────────────────────────────────────────────╯[m