SEND
+----------------------------------------------------------+
|1 spec > 2 file > 3 send                                  |
|filter: |                                                 |
|+--------------------------------------------------------+|
||> Purchase  0200  411111~1111  100.00                   ||
||  Refund  0200  411111~1111  10.00                      ||
||  Sign On  Network Managemen~                           ||
|+--------------------------------------------------------+|
|target 127.0.0.1:9999  [ok] connected                     |
|                               [Enter] send   [Esc] back  |
+----------------------------------------------------------+