SEND
+----------------------------------------------------------+
|1 spec > 2 file > 3 send                                  |
|filter: pur|                                              |
|+--------------------------------------------------------+|
||> purchase.json  recents                                ||
|+--------------------------------------------------------+|
|                  [Enter] next   [f] browse   [Esc] back  |
+----------------------------------------------------------+