SEND
+----------------------------------------------------------+
|1 spec > 2 file > 3 send                                  |
|filter: |                                                 |
|+--------------------------------------------------------+|
||> flex.json  <- current                                 ||
||  mastercard.json                                       ||
|+--------------------------------------------------------+|
|                [Enter] next   [f] browse   [Esc] cancel  |
+----------------------------------------------------------+