WORKERS & STRESS
STRESS SUMMARY  w-2  |  [ok] done  |  [!] 99.3% ok
RUN
+--------------------------------------------------------------------------------------------------------------------------+
|transactions Echo, Purchase                                                                                               |
|target      127.0.0.1:9999                                                                                                |
|plan        1 worker | 100 tps | ramp 30s | duration 5m0s                                                                 |
|runtime     00:01:51 | actual 82.3 tps | peak 101.2 tps                                                                   |
|sent        1,814 | ok 1,802 | fail 12                                                                                    |
+--------------------------------------------------------------------------------------------------------------------------+
LATENCY MS
+--------------------------------------------------------------------------------------------------------------------------+
|min   0.4 ms   mean  1.1 ms   p50   3.2 ms   p99   41.0 ms                                                                |
|budget [ok] satisfactory 1,700  [!] tolerable 100  [x] exceeded 14                                                        |
+--------------------------------------------------------------------------------------------------------------------------+
RESPONSE CODES                                               HISTOGRAM                                                    
+----------------------------------------------------------+ +-----------------------------------------------------------+
|00 1,802 | 99.3%                                          | |<=50ms  ######################## 1700                      |
|96 12 | 0.7%                                              | |>50ms   #....................... 114                       |
+----------------------------------------------------------+ +-----------------------------------------------------------+
PER TRANSACTION
+--------------------------------------------------------------------------------------------------------------------------+
|Echo      ok 1,202 | err 4  mean 0.4 ms  p99 21.0 ms  rc 00(1,202) 96(4)                                                  |
|Purchase   ok 600 | err 8  mean 2.4 ms  p99 41.0 ms  rc 00(600) 96(8)                                                     |
+--------------------------------------------------------------------------------------------------------------------------+
esc close

