+----------------------------------------------------------+
|STRESS  1 tx > 2 rate > 3 run                             |
|tps      10|  (1-100000)                                  |
|ramp     30s  (e.g. 30s, 1m)                              |
|duration 1m  (after ramp)                                 |
|workers  1  (1-50)                                        |
|             [Enter] next   [up/down] field   [Esc] back  |
+----------------------------------------------------------+