+----------------------------------------------------------+
|STRESS  1 tx > 2 rate > 3 run                             |
|tx       tx-01                                            |
|tps      10                                               |
|ramp     30s                                              |
|duration 1m                                               |
|workers  1                                                |
|starting 10 tps x1 (1m0s)                                 |
|                                             [Esc] close  |
+----------------------------------------------------------+