WORKERS & STRESS
+----------+------------+---------------+-------------------+-----+--------------+-----------+------------+-----------------+
| ID       | TYPE       | TRANSACTION   | STATUS            |  THR| INTERVAL/TPS | RUNTIME   |     OK/FAIL| CIRCUIT         |
+----------+------------+---------------+-------------------+-----+--------------+-----------+------------+-----------------+
|> w-1     | background | Sign On       | [ok] running      |    1| 5s           | 00:04:12  |      50 / 0| -               |
|  w-2     | stress     | Purchase+2    | [!] ramping       |    4| 60->120 tps  | 00:00:41  |  1,802 / 12| -               |
|  w-3     | stress     | Purchase      | [x] circuit-broke |    2| 10->50 tps   | 00:01:03  |    402 / 31| TRIPPED (10/10) |
|  w-4     | background | Echo          | . stopped         |    1| 1s           | 00:02:00  |     120 / 1| 1/10            |
|  w-5     | background | Echo          | [ok] done         |    1| 1s           | 00:00:10  |      10 / 0| -               |
+----------+------------+---------------+-------------------+-----+--------------+-----------+------------+-----------------+
TPS w-2 inst 118.4 avg 96.2 .:=# | net: reconnects 2 breaker 1
PROGRESS
w-2 [##################################..................................................] 41% 7,940/19,200 sent | ETA 01:12
w-1 50 sent













