[38;2;68;147;248mWORKERS & STRESS[m
[38;2;68;147;248mSTRESS SUMMARY[m  [38;2;141;150;160mw-2[m  [38;2;141;150;160m▸[m  [1;38;2;63;185;80m✓ done[m  [38;2;141;150;160m▸[m  [1;38;2;210;153;34m⚠ 99.3% ok[m
[38;2;68;147;248mRUN[m
[38;2;61;68;77m╭──────────────────────────────────────────────────────────────────────────────────────────────────────────────────────────╮[m
[38;2;61;68;77m│[m[38;2;141;150;160mtransactions [mEcho, Purchase                                                                                               [38;2;61;68;77m│[m
[38;2;61;68;77m│[m[38;2;141;150;160mtarget      [m127.0.0.1:9999                                                                                                [38;2;61;68;77m│[m
[38;2;61;68;77m│[m[38;2;141;150;160mplan        [m1 worker | 100 tps | ramp 30s | duration 5m0s                                                                 [38;2;61;68;77m│[m
[38;2;61;68;77m│[m[38;2;141;150;160mruntime     [m00:01:51 | actual 82.3 tps | peak 101.2 tps                                                                   [38;2;61;68;77m│[m
[38;2;61;68;77m│[m[38;2;141;150;160msent        [m1,814 | ok 1,802 | fail 12                                                                                    [38;2;61;68;77m│[m
[38;2;61;68;77m╰──────────────────────────────────────────────────────────────────────────────────────────────────────────────────────────╯[m
[38;2;68;147;248mLATENCY MS[m
[38;2;61;68;77m╭──────────────────────────────────────────────────────────────────────────────────────────────────────────────────────────╮[m
[38;2;61;68;77m│[m[38;2;141;150;160mmin   [m0.4 ms   [38;2;141;150;160mmean  [m1.1 ms   [38;2;141;150;160mp50   [m3.2 ms   [38;2;141;150;160mp99   [m41.0 ms                                                                [38;2;61;68;77m│[m
[38;2;61;68;77m│[m[38;2;141;150;160mbudget [m[1;38;2;63;185;80m✓ satisfactory 1,700[m  [1;38;2;210;153;34m⚠ tolerable 100[m  [1;38;2;255;123;114m✗ exceeded 14[m                                                               [38;2;61;68;77m│[m
[38;2;61;68;77m╰──────────────────────────────────────────────────────────────────────────────────────────────────────────────────────────╯[m
[38;2;68;147;248mRESPONSE CODES[m                                               [38;2;68;147;248mHISTOGRAM[m                                                    
[38;2;61;68;77m╭──────────────────────────────────────────────────────────╮[m [38;2;61;68;77m╭───────────────────────────────────────────────────────────╮[m
[38;2;61;68;77m│[m[38;2;141;150;160m00 [m1,802 | 99.3%                                          [38;2;61;68;77m│[m [38;2;61;68;77m│[m[38;2;141;150;160m<=50ms  [m[38;2;68;147;248m████████████████████████[m[2;38;2;141;150;160m[m 1700                      [38;2;61;68;77m│[m
[38;2;61;68;77m│[m[38;2;141;150;160m96 [m12 | 0.7%                                              [38;2;61;68;77m│[m [38;2;61;68;77m│[m[38;2;141;150;160m>50ms   [m[38;2;68;147;248m█[m[2;38;2;141;150;160m░░░░░░░░░░░░░░░░░░░░░░░[m 114                       [38;2;61;68;77m│[m
[38;2;61;68;77m╰──────────────────────────────────────────────────────────╯[m [38;2;61;68;77m╰───────────────────────────────────────────────────────────╯[m
[38;2;68;147;248mPER TRANSACTION[m
[38;2;61;68;77m╭──────────────────────────────────────────────────────────────────────────────────────────────────────────────────────────╮[m
[38;2;61;68;77m│[mEcho      [38;2;141;150;160mok 1,202 | err 4[m  [38;2;141;150;160mmean 0.4 ms[m  [38;2;141;150;160mp99 21.0 ms[m  [38;2;68;147;248mrc 00(1,202) 96(4)[m                                                  [38;2;61;68;77m│[m
[38;2;61;68;77m│[mPurchase   [38;2;141;150;160mok 600 | err 8[m  [38;2;141;150;160mmean 2.4 ms[m  [38;2;141;150;160mp99 41.0 ms[m  [38;2;68;147;248mrc 00(600) 96(8)[m                                                     [38;2;61;68;77m│[m
[38;2;61;68;77m╰──────────────────────────────────────────────────────────────────────────────────────────────────────────────────────────╯[m
[1;38;2;68;147;248mesc[m[38;2;141;150;160m close[m

