+----------------------------------------------------------+
|BGSEND  1 tx > 2 params > 3 run                           |
|filter                                                    |
|+--------------------------------------------------------+|
||> (*) tx-01                                             ||
||  ( ) tx-02                                             ||
|+--------------------------------------------------------+|
|   [Enter] next   [/] filter   [f] browse   [Esc] cancel  |
+----------------------------------------------------------+