fixture/
  ../                                       
  logs/                                     
  specs/                                    
> a.json                                    
  b.txt                                     
  z.pcap                                    
j/k move |  u up |  gg/G top |  / filter | ~