+--------+----------------------+----------+
| ID     | NAME                 | STATUS   |
+--------+----------------------+----------+
|  d-4   | delta                | warn     |
|  c-3   | charlie              | ok       |
|> b-22  | bravo-charlie-delta~ | timeout  |
|  a-1   | alpha                | ok       |
+--------+----------------------+----------+