:se  13 matches
  Send transaction   (s)                
> Send history                          
  go to transactions (2)                
  go to mock server  (4)                
  go to sessions     (6)                
  go to settings                        
  Connect / reconnect (c)               
  Disconnect         (D)                