:  16 matches
> Connect / reconnect (c)               
  Disconnect         (D)                
  Send transaction   (s)                
  View last send                        
  Send history                          
  go to dashboard    (1)                
  go to transactions (2)                
  go to scenarios    (3)                