[38;2;68;147;248m:[m[38;2;141;150;160m  16 matches[m
[38;2;255;255;255;48;2;31;111;235m▸ Connect / reconnect [1;38;2;68;147;248m(c)[m               [m
  Disconnect         [1;38;2;68;147;248m(D)[m                
  Send transaction   [1;38;2;68;147;248m(s)[m                
  View last send                        
  Send history                          
  go to dashboard    [1;38;2;68;147;248m(1)[m                
  go to transactions [1;38;2;68;147;248m(2)[m                
  go to scenarios    [1;38;2;68;147;248m(3)[m                