┌─ [38;2;68;147;248mjiso 2.0.0[m ────────────────────── [38;2;141;150;160mtarget 10.0.0.5:8080[m [1;38;2;255;123;114m✗ offline[m ─┐
[38;2;39;46;55m│[m Status                                                             [38;2;39;46;55m│[m
[38;2;39;46;55m│[m                                                                    [38;2;39;46;55m│[m
[38;2;39;46;55m│[m coming in M5                                                       [38;2;39;46;55m│[m
[38;2;39;46;55m│[m                                                                    [38;2;39;46;55m│[m
[38;2;39;46;55m│[m                                                                    [38;2;39;46;55m│[m
[38;2;39;46;55m│[m                                                                    [38;2;39;46;55m│[m
[38;2;39;46;55m│[m                                                                    [38;2;39;46;55m│[m
[38;2;39;46;55m│[m                                                                    [38;2;39;46;55m│[m
[38;2;39;46;55m│[m                                                                    [38;2;39;46;55m│[m
[38;2;39;46;55m│[m                                                                    [38;2;39;46;55m│[m
[38;2;39;46;55m│[m                                                                    [38;2;39;46;55m│[m
[38;2;39;46;55m│[m                                                                    [38;2;39;46;55m│[m
[38;2;39;46;55m│[m                                                                    [38;2;39;46;55m│[m
[38;2;39;46;55m│[m                                                                    [38;2;39;46;55m│[m
[38;2;39;46;55m│[m                                                                    [38;2;39;46;55m│[m
[38;2;39;46;55m│[m                                                                    [38;2;39;46;55m│[m
[38;2;39;46;55m│[m                                                                    [38;2;39;46;55m│[m
[38;2;39;46;55m│[m                                                                    [38;2;39;46;55m│[m
[38;2;39;46;55m│[m                                                                    [38;2;39;46;55m│[m
[38;2;39;46;55m│[m                                                                    [38;2;39;46;55m│[m
[38;2;39;46;55m├────────────────────────────────────────────────────────────────────┤[m
[38;2;39;46;55m│[m [38;2;68;147;248menter[m [38;2;141;150;160mopen[m  [38;2;68;147;248m:[m [38;2;141;150;160mcmd[m  [38;2;68;147;248m?[m [38;2;141;150;160mhelp[m  [38;2;68;147;248mq[m [38;2;141;150;160mquit[m  [38;2;141;150;160m…+1[m                             [38;2;39;46;55m│[m
[38;2;39;46;55m└────────────────────────────────────────────────────────────────────┘[m