+- jiso 2.0.0 -------------- target 10.0.0.5:8080 [x] offline - spec visa-purchase.json -+
| Status                                                                                 |
|                                                                                        |
| coming in M5                                                                           |
|                                                                                        |
|                                                                                        |
|                                                                                        |
|                                                                                        |
|                                                                                        |
|                                                                                        |
|                                                                                        |
|                                                                                        |
|                                                                                        |
|                                                                                        |
|                                                                                        |
|                                                                                        |
|                                                                                        |
|                                                                                        |
|                                                                                        |
|                                                                                        |
|                                                                                        |
+----------------------------------------------------------------------------------------+
| j/k move  enter open  : cmd  ? help  q quit                                            |
+----------------------------------------------------------------------------------------+